\BOOKMARK [-1][-]{part.1}{\376\377\000I\000\040\000I\000n\000t\000r\000o\000d\000u\000c\000t\000i\000o\000n}{}% 1
\BOOKMARK [0][-]{chapter.1}{\376\377\000P\000r\000e\000f\000a\000c\000e}{part.1}% 2
\BOOKMARK [1][-]{section.1.1}{\376\377\000W\000h\000a\000t\000\040\000t\000h\000i\000s\000\040\000b\000o\000o\000k\000\040\000i\000s\000\040\000n\000o\000t\000\040\000a\000b\000o\000u\000t}{chapter.1}% 3
\BOOKMARK [1][-]{section.1.2}{\376\377\000T\000h\000e\000\040\000t\000a\000r\000g\000e\000t\000e\000d\000\040\000a\000u\000d\000i\000e\000n\000c\000e}{chapter.1}% 4
\BOOKMARK [1][-]{section.1.3}{\376\377\000H\000o\000w\000\040\000t\000h\000i\000s\000\040\000b\000o\000o\000k\000\040\000i\000s\000\040\000s\000t\000r\000u\000c\000t\000u\000r\000e\000d}{chapter.1}% 5
\BOOKMARK [1][-]{section.1.4}{\376\377\000C\000o\000d\000i\000n\000g\000\040\000i\000n\000s\000t\000r\000u\000c\000t\000i\000o\000n\000s}{chapter.1}% 6
\BOOKMARK [1][-]{section.1.5}{\376\377\000A\000c\000k\000n\000o\000w\000l\000e\000d\000g\000m\000e\000n\000t\000s}{chapter.1}% 7
\BOOKMARK [0][-]{chapter.2}{\376\377\000N\000o\000t\000a\000t\000i\000o\000n\000s\000\040\000a\000n\000d\000\040\000d\000a\000t\000a}{part.1}% 8
\BOOKMARK [1][-]{section.2.1}{\376\377\000N\000o\000t\000a\000t\000i\000o\000n\000s}{chapter.2}% 9
\BOOKMARK [1][-]{section.2.2}{\376\377\000D\000a\000t\000a\000s\000e\000t}{chapter.2}% 10
\BOOKMARK [2][-]{subsection.2.2.1}{\376\377\000P\000r\000e\000s\000e\000n\000t\000a\000t\000i\000o\000n}{section.2.2}% 11
\BOOKMARK [2][-]{subsection.2.2.2}{\376\377\000E\000x\000p\000l\000o\000r\000a\000t\000i\000o\000n}{section.2.2}% 12
\BOOKMARK [0][-]{chapter.3}{\376\377\000I\000n\000t\000r\000o\000d\000u\000c\000t\000i\000o\000n}{part.1}% 13
\BOOKMARK [1][-]{section.3.1}{\376\377\000C\000o\000n\000t\000e\000x\000t}{chapter.3}% 14
\BOOKMARK [1][-]{section.3.2}{\376\377\000P\000o\000r\000t\000f\000o\000l\000i\000o\000\040\000c\000o\000n\000s\000t\000r\000u\000c\000t\000i\000o\000n\000:\000\040\000t\000h\000e\000\040\000w\000o\000r\000k\000f\000l\000o\000w}{chapter.3}% 15
\BOOKMARK [1][-]{section.3.3}{\376\377\000M\000a\000c\000h\000i\000n\000e\000\040\000L\000e\000a\000r\000n\000i\000n\000g\000\040\000i\000s\000\040\000n\000o\000\040\000m\000a\000g\000i\000c\000\040\000w\000a\000n\000d}{chapter.3}% 16
\BOOKMARK [0][-]{chapter.4}{\376\377\000F\000a\000c\000t\000o\000r\000\040\000i\000n\000v\000e\000s\000t\000i\000n\000g\000\040\000a\000n\000d\000\040\000a\000s\000s\000e\000t\000\040\000p\000r\000i\000c\000i\000n\000g\000\040\000a\000n\000o\000m\000a\000l\000i\000e\000s}{part.1}% 17
\BOOKMARK [1][-]{section.4.1}{\376\377\000I\000n\000t\000r\000o\000d\000u\000c\000t\000i\000o\000n\000:\000\040\000w\000h\000y\000\040\000f\000a\000c\000t\000o\000r\000s\000?}{chapter.4}% 18
\BOOKMARK [1][-]{section.4.2}{\376\377\000T\000h\000e\000\040\000f\000a\000c\000t\000o\000r\000\040\000z\000o\000o}{chapter.4}% 19
\BOOKMARK [2][-]{subsection.4.2.1}{\376\377\000T\000h\000e\000\040\000c\000a\000n\000o\000n\000i\000c\000a\000l\000\040\000f\000a\000c\000t\000o\000r\000s}{section.4.2}% 20
\BOOKMARK [2][-]{subsection.4.2.2}{\376\377\000T\000h\000e\000o\000r\000e\000t\000i\000c\000a\000l\000\040\000f\000o\000u\000n\000d\000a\000t\000i\000o\000n\000s}{section.4.2}% 21
\BOOKMARK [2][-]{subsection.4.2.3}{\376\377\000T\000i\000m\000e\000-\000v\000a\000r\000y\000i\000n\000g\000\040\000p\000r\000e\000m\000i\000a\000\040\000a\000n\000d\000\040\000a\000n\000o\000m\000a\000l\000y\000\040\000d\000y\000n\000a\000m\000i\000c\000s}{section.4.2}% 22
\BOOKMARK [2][-]{subsection.4.2.4}{\376\377\000F\000a\000d\000i\000n\000g\000\040\000a\000n\000o\000m\000a\000l\000i\000e\000s\000\040\000a\000n\000d\000\040\000r\000e\000p\000l\000i\000c\000a\000b\000i\000l\000i\000t\000y}{section.4.2}% 23
\BOOKMARK [1][-]{section.4.3}{\376\377\000D\000e\000t\000e\000c\000t\000i\000n\000g\000\040\000a\000n\000d\000\040\000t\000e\000s\000t\000i\000n\000g\000\040\000a\000n\000o\000m\000a\000l\000i\000e\000s}{chapter.4}% 24
\BOOKMARK [2][-]{subsection.4.3.1}{\376\377\000C\000h\000a\000l\000l\000e\000n\000g\000e\000s}{section.4.3}% 25
\BOOKMARK [2][-]{subsection.4.3.2}{\376\377\000S\000i\000m\000p\000l\000e\000\040\000p\000o\000r\000t\000f\000o\000l\000i\000o\000\040\000s\000o\000r\000t\000s}{section.4.3}% 26
\BOOKMARK [2][-]{subsection.4.3.3}{\376\377\000P\000r\000e\000d\000i\000c\000t\000i\000v\000e\000\040\000r\000e\000g\000r\000e\000s\000s\000i\000o\000n\000s\000,\000\040\000s\000o\000r\000t\000s\000,\000\040\000a\000n\000d\000\040\000p\000-\000v\000a\000l\000u\000e\000\040\000i\000s\000s\000u\000e\000s}{section.4.3}% 27
\BOOKMARK [2][-]{subsection.4.3.4}{\376\377\000F\000a\000m\000a\000-\000M\000a\000c\000B\000e\000t\000h\000\040\000r\000e\000g\000r\000e\000s\000s\000i\000o\000n\000s}{section.4.3}% 28
\BOOKMARK [2][-]{subsection.4.3.5}{\376\377\000F\000a\000c\000t\000o\000r\000\040\000c\000o\000m\000p\000e\000t\000i\000t\000i\000o\000n\000\040\000a\000n\000d\000\040\000r\000e\000d\000u\000n\000d\000a\000n\000c\000y}{section.4.3}% 29
\BOOKMARK [2][-]{subsection.4.3.6}{\376\377\000A\000d\000v\000a\000n\000c\000e\000d\000\040\000s\000e\000l\000e\000c\000t\000i\000o\000n\000\040\000t\000e\000c\000h\000n\000i\000q\000u\000e\000s}{section.4.3}% 30
\BOOKMARK [1][-]{section.4.4}{\376\377\000F\000a\000c\000t\000o\000r\000s\000\040\000o\000r\000\040\000c\000h\000a\000r\000a\000c\000t\000e\000r\000i\000s\000t\000i\000c\000s\000?}{chapter.4}% 31
\BOOKMARK [1][-]{section.4.5}{\376\377\000D\000e\000m\000a\000n\000d\000-\000b\000a\000s\000e\000d\000\040\000a\000s\000s\000e\000t\000\040\000p\000r\000i\000c\000i\000n\000g}{chapter.4}% 32
\BOOKMARK [1][-]{section.4.6}{\376\377\000F\000a\000c\000t\000o\000r\000\040\000d\000y\000n\000a\000m\000i\000c\000s\000:\000\040\000m\000o\000m\000e\000n\000t\000u\000m\000,\000\040\000t\000i\000m\000i\000n\000g\000,\000\040\000a\000n\000d\000\040\000E\000S\000G}{chapter.4}% 33
\BOOKMARK [2][-]{subsection.4.6.1}{\376\377\000F\000a\000c\000t\000o\000r\000\040\000m\000o\000m\000e\000n\000t\000u\000m}{section.4.6}% 34
\BOOKMARK [2][-]{subsection.4.6.2}{\376\377\000F\000a\000c\000t\000o\000r\000\040\000t\000i\000m\000i\000n\000g}{section.4.6}% 35
\BOOKMARK [2][-]{subsection.4.6.3}{\376\377\000T\000h\000e\000\040\000g\000r\000e\000e\000n\000\040\000f\000a\000c\000t\000o\000r\000s}{section.4.6}% 36
\BOOKMARK [1][-]{section.4.7}{\376\377\000M\000a\000c\000h\000i\000n\000e\000\040\000l\000e\000a\000r\000n\000i\000n\000g\000\040\000m\000e\000e\000t\000s\000\040\000a\000s\000s\000e\000t\000\040\000p\000r\000i\000c\000i\000n\000g}{chapter.4}% 37
\BOOKMARK [2][-]{subsection.4.7.1}{\376\377\000T\000h\000e\000\040\000c\000a\000n\000o\000n\000i\000c\000a\000l\000\040\000p\000r\000e\000d\000i\000c\000t\000i\000v\000e\000\040\000m\000o\000d\000e\000l}{section.4.7}% 38
\BOOKMARK [2][-]{subsection.4.7.2}{\376\377\000F\000u\000r\000t\000h\000e\000r\000\040\000r\000e\000f\000e\000r\000e\000n\000c\000e\000s}{section.4.7}% 39
\BOOKMARK [2][-]{subsection.4.7.3}{\376\377\000E\000x\000p\000l\000i\000c\000i\000t\000\040\000c\000o\000n\000n\000e\000c\000t\000i\000o\000n\000s\000\040\000w\000i\000t\000h\000\040\000a\000s\000s\000e\000t\000\040\000p\000r\000i\000c\000i\000n\000g\000\040\000m\000o\000d\000e\000l\000s}{section.4.7}% 40
\BOOKMARK [2][-]{subsection.4.7.4}{\376\377\000R\000e\000c\000e\000n\000t\000\040\000a\000d\000v\000a\000n\000c\000e\000s\000\040\000a\000n\000d\000\040\000c\000r\000i\000t\000i\000c\000a\000l\000\040\000p\000e\000r\000s\000p\000e\000c\000t\000i\000v\000e\000s}{section.4.7}% 41
\BOOKMARK [1][-]{section.4.8}{\376\377\000E\000x\000e\000r\000c\000i\000s\000e\000s}{chapter.4}% 42
\BOOKMARK [0][-]{chapter.5}{\376\377\000P\000r\000e\000d\000i\000c\000t\000a\000b\000i\000l\000i\000t\000y\000\040\000o\000f\000\040\000a\000s\000s\000e\000t\000\040\000r\000e\000t\000u\000r\000n\000s}{part.1}% 43
\BOOKMARK [1][-]{section.5.1}{\376\377\000M\000e\000t\000r\000i\000c\000s\000\040\000f\000o\000r\000\040\000p\000r\000e\000d\000i\000c\000t\000a\000b\000i\000l\000i\000t\000y}{chapter.5}% 44
\BOOKMARK [2][-]{subsection.5.1.1}{\376\377\000O\000u\000t\000-\000o\000f\000-\000s\000a\000m\000p\000l\000e\000\040\000R\0002}{section.5.1}% 45
\BOOKMARK [2][-]{subsection.5.1.2}{\376\377\000I\000n\000f\000o\000r\000m\000a\000t\000i\000o\000n\000\040\000c\000o\000e\000f\000f\000i\000c\000i\000e\000n\000t}{section.5.1}% 46
\BOOKMARK [2][-]{subsection.5.1.3}{\376\377\000H\000i\000t\000\040\000r\000a\000t\000i\000o}{section.5.1}% 47
\BOOKMARK [1][-]{section.5.2}{\376\377\000T\000i\000m\000e\000-\000s\000e\000r\000i\000e\000s\000\040\000p\000r\000e\000d\000i\000c\000t\000a\000b\000i\000l\000i\000t\000y\000\040\000o\000f\000\040\000t\000h\000e\000\040\000e\000q\000u\000i\000t\000y\000\040\000p\000r\000e\000m\000i\000u\000m}{chapter.5}% 48
\BOOKMARK [2][-]{subsection.5.2.1}{\376\377\000A\000n\000\040\000o\000p\000e\000n\000\040\000q\000u\000e\000s\000t\000i\000o\000n}{section.5.2}% 49
\BOOKMARK [2][-]{subsection.5.2.2}{\376\377\000N\000o\000n\000-\000s\000t\000a\000t\000i\000o\000n\000a\000r\000i\000t\000y\000\040\000a\000n\000d\000\040\000r\000e\000g\000i\000m\000e\000\040\000d\000e\000p\000e\000n\000d\000e\000n\000c\000e}{section.5.2}% 50
\BOOKMARK [1][-]{section.5.3}{\376\377\000C\000r\000o\000s\000s\000-\000s\000e\000c\000t\000i\000o\000n\000a\000l\000\040\000p\000r\000e\000d\000i\000c\000t\000a\000b\000i\000l\000i\000t\000y}{chapter.5}% 51
\BOOKMARK [2][-]{subsection.5.3.1}{\376\377\000T\000h\000e\000\040\000l\000a\000n\000d\000s\000c\000a\000p\000e}{section.5.3}% 52
\BOOKMARK [2][-]{subsection.5.3.2}{\376\377\000T\000h\000e\000\040\000t\000a\000i\000l\000s\000\040\000o\000f\000\040\000t\000h\000e\000\040\000r\000e\000t\000u\000r\000n\000\040\000d\000i\000s\000t\000r\000i\000b\000u\000t\000i\000o\000n}{section.5.3}% 53
\BOOKMARK [2][-]{subsection.5.3.3}{\376\377\000S\000t\000a\000b\000i\000l\000i\000t\000y\000\040\000a\000n\000d\000\040\000t\000h\000e\000\040\000d\000e\000c\000l\000i\000n\000e\000\040\000o\000f\000\040\000a\000n\000o\000m\000a\000l\000i\000e\000s}{section.5.3}% 54
\BOOKMARK [1][-]{section.5.4}{\376\377\000P\000o\000c\000k\000e\000t\000s\000\040\000o\000f\000\040\000p\000r\000e\000d\000i\000c\000t\000a\000b\000i\000l\000i\000t\000y}{chapter.5}% 55
\BOOKMARK [2][-]{subsection.5.4.1}{\376\377\000T\000h\000e\000\040\000c\000o\000r\000e\000\040\000i\000d\000e\000a}{section.5.4}% 56
\BOOKMARK [2][-]{subsection.5.4.2}{\376\377\000I\000m\000p\000l\000e\000m\000e\000n\000t\000a\000t\000i\000o\000n}{section.5.4}% 57
\BOOKMARK [2][-]{subsection.5.4.3}{\376\377\000T\000h\000e\000\040\000i\000n\000f\000o\000r\000m\000a\000t\000i\000o\000n\000\040\000c\000o\000e\000f\000f\000i\000c\000i\000e\000n\000t\000\040\000t\000h\000r\000o\000u\000g\000h\000\040\000t\000i\000m\000e}{section.5.4}% 58
\BOOKMARK [2][-]{subsection.5.4.4}{\376\377\000F\000e\000a\000t\000u\000r\000e\000-\000l\000e\000v\000e\000l\000\040\000p\000r\000e\000d\000i\000c\000t\000a\000b\000i\000l\000i\000t\000y}{section.5.4}% 59
\BOOKMARK [2][-]{subsection.5.4.5}{\376\377\000C\000u\000m\000u\000l\000a\000t\000i\000v\000e\000\040\000O\000O\000S\000\040\000R\0002\000\040\000a\000n\000d\000\040\000i\000n\000v\000e\000s\000t\000o\000r\000\040\000v\000a\000l\000u\000e}{section.5.4}% 60
\BOOKMARK [1][-]{section.5.5}{\376\377\000P\000r\000e\000d\000i\000c\000t\000i\000n\000g\000\040\000a\000n\000o\000m\000a\000l\000y\000\040\000r\000e\000t\000u\000r\000n\000s}{chapter.5}% 61
\BOOKMARK [1][-]{section.5.6}{\376\377\000F\000o\000r\000e\000c\000a\000s\000t\000i\000n\000g\000\040\000c\000o\000m\000p\000a\000n\000y\000\040\000f\000u\000n\000d\000a\000m\000e\000n\000t\000a\000l\000s}{chapter.5}% 62
\BOOKMARK [1][-]{section.5.7}{\376\377\000C\000o\000m\000p\000a\000r\000i\000n\000g\000\040\000p\000r\000e\000d\000i\000c\000t\000a\000b\000i\000l\000i\000t\000y\000\040\000a\000c\000r\000o\000s\000s\000\040\000m\000o\000d\000e\000l\000s}{chapter.5}% 63
\BOOKMARK [1][-]{section.5.8}{\376\377\000C\000o\000n\000c\000l\000u\000s\000i\000o\000n}{chapter.5}% 64
\BOOKMARK [1][-]{section.5.9}{\376\377\000E\000x\000e\000r\000c\000i\000s\000e\000s}{chapter.5}% 65
\BOOKMARK [0][-]{chapter.6}{\376\377\000D\000a\000t\000a\000\040\000p\000r\000e\000p\000r\000o\000c\000e\000s\000s\000i\000n\000g}{part.1}% 66
\BOOKMARK [1][-]{section.6.1}{\376\377\000S\000e\000t\000u\000p\000\040\000a\000n\000d\000\040\000I\000m\000p\000o\000r\000t\000s}{chapter.6}% 67
\BOOKMARK [1][-]{section.6.2}{\376\377\000K\000n\000o\000w\000\040\000y\000o\000u\000r\000\040\000d\000a\000t\000a}{chapter.6}% 68
\BOOKMARK [2][-]{subsection.6.2.1}{\376\377\000B\000o\000x\000p\000l\000o\000t\000\040\000o\000f\000\040\000c\000o\000r\000r\000e\000l\000a\000t\000i\000o\000n\000s\000\040\000w\000i\000t\000h\000\040\000t\000h\000e\000\040\0001\000M\000\040\000f\000o\000r\000w\000a\000r\000d\000\040\000r\000e\000t\000u\000r\000n\000\040\000\050\000l\000a\000b\000e\000l\000\051}{section.6.2}% 69
\BOOKMARK [1][-]{section.6.3}{\376\377\000M\000i\000s\000s\000i\000n\000g\000\040\000d\000a\000t\000a}{chapter.6}% 70
\BOOKMARK [1][-]{section.6.4}{\376\377\000O\000u\000t\000l\000i\000e\000r\000\040\000d\000e\000t\000e\000c\000t\000i\000o\000n}{chapter.6}% 71
\BOOKMARK [1][-]{section.6.5}{\376\377\000F\000e\000a\000t\000u\000r\000e\000\040\000e\000n\000g\000i\000n\000e\000e\000r\000i\000n\000g}{chapter.6}% 72
\BOOKMARK [2][-]{subsection.6.5.1}{\376\377\000F\000e\000a\000t\000u\000r\000e\000\040\000s\000e\000l\000e\000c\000t\000i\000o\000n}{section.6.5}% 73
\BOOKMARK [2][-]{subsection.6.5.2}{\376\377\000S\000c\000a\000l\000i\000n\000g\000\040\000t\000h\000e\000\040\000p\000r\000e\000d\000i\000c\000t\000o\000r\000s}{section.6.5}% 74
\BOOKMARK [1][-]{section.6.6}{\376\377\000L\000a\000b\000e\000l\000l\000i\000n\000g}{chapter.6}% 75
\BOOKMARK [2][-]{subsection.6.6.1}{\376\377\000S\000i\000m\000p\000l\000e\000\040\000l\000a\000b\000e\000l\000s}{section.6.6}% 76
\BOOKMARK [2][-]{subsection.6.6.2}{\376\377\000C\000a\000t\000e\000g\000o\000r\000i\000c\000a\000l\000\040\000l\000a\000b\000e\000l\000s}{section.6.6}% 77
\BOOKMARK [2][-]{subsection.6.6.3}{\376\377\000T\000h\000e\000\040\000t\000r\000i\000p\000l\000e\000\040\000b\000a\000r\000r\000i\000e\000r\000\040\000m\000e\000t\000h\000o\000d}{section.6.6}% 78
\BOOKMARK [2][-]{subsection.6.6.4}{\376\377\000F\000i\000l\000t\000e\000r\000i\000n\000g\000\040\000t\000h\000e\000\040\000s\000a\000m\000p\000l\000e}{section.6.6}% 79
\BOOKMARK [2][-]{subsection.6.6.5}{\376\377\000R\000e\000t\000u\000r\000n\000\040\000h\000o\000r\000i\000z\000o\000n\000s}{section.6.6}% 80
\BOOKMARK [1][-]{section.6.7}{\376\377\000H\000a\000n\000d\000l\000i\000n\000g\000\040\000p\000e\000r\000s\000i\000s\000t\000e\000n\000c\000e}{chapter.6}% 81
\BOOKMARK [1][-]{section.6.8}{\376\377\000E\000x\000t\000e\000n\000s\000i\000o\000n\000s}{chapter.6}% 82
\BOOKMARK [2][-]{subsection.6.8.1}{\376\377\000T\000r\000a\000n\000s\000f\000o\000r\000m\000i\000n\000g\000\040\000f\000e\000a\000t\000u\000r\000e\000s}{section.6.8}% 83
\BOOKMARK [2][-]{subsection.6.8.2}{\376\377\000M\000a\000c\000r\000o\000-\000e\000c\000o\000n\000o\000m\000i\000c\000\040\000v\000a\000r\000i\000a\000b\000l\000e\000s}{section.6.8}% 84
\BOOKMARK [2][-]{subsection.6.8.3}{\376\377\000A\000c\000t\000i\000v\000e\000\040\000l\000e\000a\000r\000n\000i\000n\000g}{section.6.8}% 85
\BOOKMARK [1][-]{section.6.9}{\376\377\000A\000d\000d\000i\000t\000i\000o\000n\000a\000l\000\040\000c\000o\000d\000e\000\040\000a\000n\000d\000\040\000r\000e\000s\000u\000l\000t\000s}{chapter.6}% 86
\BOOKMARK [2][-]{subsection.6.9.1}{\376\377\000I\000m\000p\000a\000c\000t\000\040\000o\000f\000\040\000r\000e\000s\000c\000a\000l\000i\000n\000g\000:\000\040\000g\000r\000a\000p\000h\000i\000c\000a\000l\000\040\000r\000e\000p\000r\000e\000s\000e\000n\000t\000a\000t\000i\000o\000n}{section.6.9}% 87
\BOOKMARK [2][-]{subsection.6.9.2}{\376\377\000I\000m\000p\000a\000c\000t\000\040\000o\000f\000\040\000r\000e\000s\000c\000a\000l\000i\000n\000g\000:\000\040\000t\000o\000y\000\040\000e\000x\000a\000m\000p\000l\000e}{section.6.9}% 88
\BOOKMARK [1][-]{section.6.10}{\376\377\000L\000a\000b\000e\000l\000l\000i\000n\000g}{chapter.6}% 89
\BOOKMARK [2][-]{subsection.6.10.1}{\376\377\000S\000i\000m\000p\000l\000e\000\040\000l\000a\000b\000e\000l\000s}{section.6.10}% 90
\BOOKMARK [2][-]{subsection.6.10.2}{\376\377\000C\000a\000t\000e\000g\000o\000r\000i\000c\000a\000l\000\040\000l\000a\000b\000e\000l\000s}{section.6.10}% 91
\BOOKMARK [2][-]{subsection.6.10.3}{\376\377\000D\000y\000n\000a\000m\000i\000c\000\040\000t\000h\000r\000e\000s\000h\000o\000l\000d\000s\000\040\000w\000i\000t\000h\000\040\000V\000I\000X\000\040\000c\000o\000n\000d\000i\000t\000i\000o\000n\000i\000n\000g}{section.6.10}% 92
\BOOKMARK [1][-]{section.6.11}{\376\377\000E\000x\000t\000e\000n\000s\000i\000o\000n\000s}{chapter.6}% 93
\BOOKMARK [2][-]{subsection.6.11.1}{\376\377\000T\000r\000a\000n\000s\000f\000o\000r\000m\000i\000n\000g\000\040\000f\000e\000a\000t\000u\000r\000e\000s}{section.6.11}% 94
\BOOKMARK [2][-]{subsection.6.11.2}{\376\377\000M\000a\000c\000r\000o\000-\000e\000c\000o\000n\000o\000m\000i\000c\000\040\000c\000o\000n\000d\000i\000t\000i\000o\000n\000i\000n\000g}{section.6.11}% 95
\BOOKMARK [1][-]{section.6.12}{\376\377\000C\000o\000d\000i\000n\000g\000\040\000e\000x\000e\000r\000c\000i\000s\000e\000s}{chapter.6}% 96
\BOOKMARK [-1][-]{part.2}{\376\377\000I\000I\000\040\000C\000o\000m\000m\000o\000n\000\040\000s\000u\000p\000e\000r\000v\000i\000s\000e\000d\000\040\000a\000l\000g\000o\000r\000i\000t\000h\000m\000s}{}% 97
\BOOKMARK [0][-]{chapter.7}{\376\377\000P\000e\000n\000a\000l\000i\000z\000e\000d\000\040\000r\000e\000g\000r\000e\000s\000s\000i\000o\000n\000s\000\040\000a\000n\000d\000\040\000s\000p\000a\000r\000s\000e\000\040\000h\000e\000d\000g\000i\000n\000g\000\040\000f\000o\000r\000\040\000m\000i\000n\000i\000m\000u\000m\000\040\000v\000a\000r\000i\000a\000n\000c\000e\000\040\000p\000o\000r\000t\000f\000o\000l\000i\000o\000s}{part.2}% 98
\BOOKMARK [1][-]{section.7.1}{\376\377\000P\000e\000n\000a\000l\000i\000z\000e\000d\000\040\000r\000e\000g\000r\000e\000s\000s\000i\000o\000n\000s}{chapter.7}% 99
\BOOKMARK [2][-]{subsection.7.1.1}{\376\377\000S\000i\000m\000p\000l\000e\000\040\000r\000e\000g\000r\000e\000s\000s\000i\000o\000n\000s}{section.7.1}% 100
\BOOKMARK [2][-]{subsection.7.1.2}{\376\377\000F\000o\000r\000m\000s\000\040\000o\000f\000\040\000p\000e\000n\000a\000l\000i\000z\000a\000t\000i\000o\000n\000s}{section.7.1}% 101
\BOOKMARK [2][-]{subsection.7.1.3}{\376\377\000I\000l\000l\000u\000s\000t\000r\000a\000t\000i\000o\000n\000s}{section.7.1}% 102
\BOOKMARK [1][-]{section.7.2}{\376\377\000S\000p\000a\000r\000s\000e\000\040\000h\000e\000d\000g\000i\000n\000g\000\040\000f\000o\000r\000\040\000m\000i\000n\000i\000m\000u\000m\000\040\000v\000a\000r\000i\000a\000n\000c\000e\000\040\000p\000o\000r\000t\000f\000o\000l\000i\000o\000s}{chapter.7}% 103
\BOOKMARK [2][-]{subsection.7.2.1}{\376\377\000P\000r\000e\000s\000e\000n\000t\000a\000t\000i\000o\000n\000\040\000a\000n\000d\000\040\000d\000e\000r\000i\000v\000a\000t\000i\000o\000n\000s}{section.7.2}% 104
\BOOKMARK [2][-]{subsection.7.2.2}{\376\377\000E\000x\000a\000m\000p\000l\000e}{section.7.2}% 105
\BOOKMARK [1][-]{section.7.3}{\376\377\000P\000r\000e\000d\000i\000c\000t\000i\000v\000e\000\040\000r\000e\000g\000r\000e\000s\000s\000i\000o\000n\000s}{chapter.7}% 106
\BOOKMARK [2][-]{subsection.7.3.1}{\376\377\000L\000i\000t\000e\000r\000a\000t\000u\000r\000e\000\040\000r\000e\000v\000i\000e\000w\000\040\000a\000n\000d\000\040\000p\000r\000i\000n\000c\000i\000p\000l\000e}{section.7.3}% 107
\BOOKMARK [2][-]{subsection.7.3.2}{\376\377\000C\000o\000d\000e\000\040\000a\000n\000d\000\040\000r\000e\000s\000u\000l\000t\000s}{section.7.3}% 108
\BOOKMARK [1][-]{section.7.4}{\376\377\000C\000o\000d\000i\000n\000g\000\040\000e\000x\000e\000r\000c\000i\000s\000e}{chapter.7}% 109
\BOOKMARK [0][-]{chapter.8}{\376\377\000T\000r\000e\000e\000-\000b\000a\000s\000e\000d\000\040\000m\000e\000t\000h\000o\000d\000s}{part.2}% 110
\BOOKMARK [1][-]{section.8.1}{\376\377\000S\000i\000m\000p\000l\000e\000\040\000t\000r\000e\000e\000s}{chapter.8}% 111
\BOOKMARK [2][-]{subsection.8.1.1}{\376\377\000P\000r\000i\000n\000c\000i\000p\000l\000e}{section.8.1}% 112
\BOOKMARK [2][-]{subsection.8.1.2}{\376\377\000F\000u\000r\000t\000h\000e\000r\000\040\000d\000e\000t\000a\000i\000l\000s\000\040\000o\000n\000\040\000c\000l\000a\000s\000s\000i\000f\000i\000c\000a\000t\000i\000o\000n}{section.8.1}% 113
\BOOKMARK [2][-]{subsection.8.1.3}{\376\377\000P\000r\000u\000n\000i\000n\000g\000\040\000c\000r\000i\000t\000e\000r\000i\000a}{section.8.1}% 114
\BOOKMARK [2][-]{subsection.8.1.4}{\376\377\000C\000o\000d\000e\000\040\000a\000n\000d\000\040\000i\000n\000t\000e\000r\000p\000r\000e\000t\000a\000t\000i\000o\000n}{section.8.1}% 115
\BOOKMARK [1][-]{section.8.2}{\376\377\000R\000a\000n\000d\000o\000m\000\040\000f\000o\000r\000e\000s\000t\000s}{chapter.8}% 116
\BOOKMARK [2][-]{subsection.8.2.1}{\376\377\000P\000r\000i\000n\000c\000i\000p\000l\000e}{section.8.2}% 117
\BOOKMARK [2][-]{subsection.8.2.2}{\376\377\000C\000o\000d\000e\000\040\000a\000n\000d\000\040\000r\000e\000s\000u\000l\000t\000s}{section.8.2}% 118
\BOOKMARK [1][-]{section.8.3}{\376\377\000B\000o\000o\000s\000t\000e\000d\000\040\000t\000r\000e\000e\000s\000:\000\040\000A\000d\000a\000b\000o\000o\000s\000t}{chapter.8}% 119
\BOOKMARK [2][-]{subsection.8.3.1}{\376\377\000M\000e\000t\000h\000o\000d\000o\000l\000o\000g\000y}{section.8.3}% 120
\BOOKMARK [2][-]{subsection.8.3.2}{\376\377\000I\000l\000l\000u\000s\000t\000r\000a\000t\000i\000o\000n}{section.8.3}% 121
\BOOKMARK [1][-]{section.8.4}{\376\377\000B\000o\000o\000s\000t\000e\000d\000\040\000t\000r\000e\000e\000s\000:\000\040\000e\000x\000t\000r\000e\000m\000e\000\040\000g\000r\000a\000d\000i\000e\000n\000t\000\040\000b\000o\000o\000s\000t\000i\000n\000g}{chapter.8}% 122
\BOOKMARK [2][-]{subsection.8.4.1}{\376\377\000M\000a\000n\000a\000g\000i\000n\000g\000\040\000l\000o\000s\000s}{section.8.4}% 123
\BOOKMARK [2][-]{subsection.8.4.2}{\376\377\000P\000e\000n\000a\000l\000i\000z\000a\000t\000i\000o\000n}{section.8.4}% 124
\BOOKMARK [2][-]{subsection.8.4.3}{\376\377\000A\000g\000g\000r\000e\000g\000a\000t\000i\000o\000n}{section.8.4}% 125
\BOOKMARK [2][-]{subsection.8.4.4}{\376\377\000T\000r\000e\000e\000\040\000s\000t\000r\000u\000c\000t\000u\000r\000e}{section.8.4}% 126
\BOOKMARK [2][-]{subsection.8.4.5}{\376\377\000E\000x\000t\000e\000n\000s\000i\000o\000n\000s}{section.8.4}% 127
\BOOKMARK [2][-]{subsection.8.4.6}{\376\377\000C\000o\000d\000e\000\040\000a\000n\000d\000\040\000r\000e\000s\000u\000l\000t\000s}{section.8.4}% 128
\BOOKMARK [2][-]{subsection.8.4.7}{\376\377\000I\000n\000s\000t\000a\000n\000c\000e\000\040\000w\000e\000i\000g\000h\000t\000i\000n\000g}{section.8.4}% 129
\BOOKMARK [1][-]{section.8.5}{\376\377\000D\000i\000s\000c\000u\000s\000s\000i\000o\000n}{chapter.8}% 130
\BOOKMARK [2][-]{subsection.8.5.1}{\376\377\000R\000e\000c\000e\000n\000t\000\040\000a\000d\000v\000a\000n\000c\000e\000s}{section.8.5}% 131
\BOOKMARK [1][-]{section.8.6}{\376\377\000C\000o\000d\000i\000n\000g\000\040\000e\000x\000e\000r\000c\000i\000s\000e\000s}{chapter.8}% 132
\BOOKMARK [0][-]{chapter.9}{\376\377\000N\000e\000u\000r\000a\000l\000\040\000n\000e\000t\000w\000o\000r\000k\000s}{part.2}% 133
\BOOKMARK [1][-]{section.9.1}{\376\377\000T\000h\000e\000\040\000o\000r\000i\000g\000i\000n\000a\000l\000\040\000p\000e\000r\000c\000e\000p\000t\000r\000o\000n}{chapter.9}% 134
\BOOKMARK [1][-]{section.9.2}{\376\377\000M\000u\000l\000t\000i\000l\000a\000y\000e\000r\000\040\000p\000e\000r\000c\000e\000p\000t\000r\000o\000n}{chapter.9}% 135
\BOOKMARK [2][-]{subsection.9.2.1}{\376\377\000I\000n\000t\000r\000o\000d\000u\000c\000t\000i\000o\000n\000\040\000a\000n\000d\000\040\000n\000o\000t\000a\000t\000i\000o\000n\000s}{section.9.2}% 136
\BOOKMARK [2][-]{subsection.9.2.2}{\376\377\000U\000n\000i\000v\000e\000r\000s\000a\000l\000\040\000a\000p\000p\000r\000o\000x\000i\000m\000a\000t\000i\000o\000n}{section.9.2}% 137
\BOOKMARK [2][-]{subsection.9.2.3}{\376\377\000L\000e\000a\000r\000n\000i\000n\000g\000\040\000v\000i\000a\000\040\000b\000a\000c\000k\000-\000p\000r\000o\000p\000a\000g\000a\000t\000i\000o\000n}{section.9.2}% 138
\BOOKMARK [2][-]{subsection.9.2.4}{\376\377\000F\000u\000r\000t\000h\000e\000r\000\040\000d\000e\000t\000a\000i\000l\000s\000\040\000o\000n\000\040\000c\000l\000a\000s\000s\000i\000f\000i\000c\000a\000t\000i\000o\000n}{section.9.2}% 139
\BOOKMARK [1][-]{section.9.3}{\376\377\000H\000o\000w\000\040\000d\000e\000e\000p\000\040\000w\000e\000\040\000s\000h\000o\000u\000l\000d\000\040\000g\000o\000\040\000a\000n\000d\000\040\000o\000t\000h\000e\000r\000\040\000p\000r\000a\000c\000t\000i\000c\000a\000l\000\040\000i\000s\000s\000u\000e\000s}{chapter.9}% 140
\BOOKMARK [2][-]{subsection.9.3.1}{\376\377\000A\000r\000c\000h\000i\000t\000e\000c\000t\000u\000r\000a\000l\000\040\000c\000h\000o\000i\000c\000e\000s}{section.9.3}% 141
\BOOKMARK [2][-]{subsection.9.3.2}{\376\377\000P\000e\000n\000a\000l\000i\000z\000a\000t\000i\000o\000n\000s\000\040\000a\000n\000d\000\040\000d\000r\000o\000p\000o\000u\000t}{section.9.3}% 142
\BOOKMARK [1][-]{section.9.4}{\376\377\000C\000o\000d\000e\000\040\000s\000a\000m\000p\000l\000e\000s\000\040\000a\000n\000d\000\040\000c\000o\000m\000m\000e\000n\000t\000s\000\040\000f\000o\000r\000\040\000v\000a\000n\000i\000l\000l\000a\000\040\000M\000L\000P}{chapter.9}% 143
\BOOKMARK [2][-]{subsection.9.4.1}{\376\377\000R\000e\000g\000r\000e\000s\000s\000i\000o\000n\000\040\000e\000x\000a\000m\000p\000l\000e}{section.9.4}% 144
\BOOKMARK [2][-]{subsection.9.4.2}{\376\377\000C\000l\000a\000s\000s\000i\000f\000i\000c\000a\000t\000i\000o\000n\000\040\000e\000x\000a\000m\000p\000l\000e}{section.9.4}% 145
\BOOKMARK [2][-]{subsection.9.4.3}{\376\377\000C\000u\000s\000t\000o\000m\000\040\000l\000o\000s\000s\000e\000s}{section.9.4}% 146
\BOOKMARK [1][-]{section.9.5}{\376\377\000R\000e\000c\000u\000r\000r\000e\000n\000t\000\040\000n\000e\000t\000w\000o\000r\000k\000s}{chapter.9}% 147
\BOOKMARK [2][-]{subsection.9.5.1}{\376\377\000P\000r\000e\000s\000e\000n\000t\000a\000t\000i\000o\000n}{section.9.5}% 148
\BOOKMARK [2][-]{subsection.9.5.2}{\376\377\000C\000o\000d\000e\000\040\000a\000n\000d\000\040\000r\000e\000s\000u\000l\000t\000s}{section.9.5}% 149
\BOOKMARK [1][-]{section.9.6}{\376\377\000O\000t\000h\000e\000r\000\040\000c\000o\000m\000m\000o\000n\000\040\000a\000r\000c\000h\000i\000t\000e\000c\000t\000u\000r\000e\000s}{chapter.9}% 150
\BOOKMARK [2][-]{subsection.9.6.1}{\376\377\000G\000e\000n\000e\000r\000a\000t\000i\000v\000e\000\040\000a\000d\000v\000e\000r\000s\000a\000r\000i\000a\000l\000\040\000n\000e\000t\000w\000o\000r\000k\000s}{section.9.6}% 151
\BOOKMARK [2][-]{subsection.9.6.2}{\376\377\000A\000u\000t\000o\000e\000n\000c\000o\000d\000e\000r\000s}{section.9.6}% 152
\BOOKMARK [2][-]{subsection.9.6.3}{\376\377\000A\000\040\000w\000o\000r\000d\000\040\000o\000n\000\040\000c\000o\000n\000v\000o\000l\000u\000t\000i\000o\000n\000a\000l\000\040\000n\000e\000t\000w\000o\000r\000k\000s}{section.9.6}% 153
\BOOKMARK [1][-]{section.9.7}{\376\377\000F\000o\000u\000n\000d\000a\000t\000i\000o\000n\000\040\000m\000o\000d\000e\000l\000s\000\040\000f\000o\000r\000\040\000t\000a\000b\000u\000l\000a\000r\000\040\000d\000a\000t\000a}{chapter.9}% 154
\BOOKMARK [2][-]{subsection.9.7.1}{\376\377\000P\000r\000e\000s\000e\000n\000t\000a\000t\000i\000o\000n}{section.9.7}% 155
\BOOKMARK [2][-]{subsection.9.7.2}{\376\377\000C\000o\000d\000e\000\040\000a\000n\000d\000\040\000r\000e\000s\000u\000l\000t\000s}{section.9.7}% 156
\BOOKMARK [1][-]{section.9.8}{\376\377\000C\000o\000d\000i\000n\000g\000\040\000e\000x\000e\000r\000c\000i\000s\000e\000s}{chapter.9}% 157
\BOOKMARK [0][-]{chapter.10}{\376\377\000G\000r\000a\000p\000h\000\040\000n\000e\000u\000r\000a\000l\000\040\000n\000e\000t\000w\000o\000r\000k\000s}{part.2}% 158
\BOOKMARK [1][-]{section.10.1}{\376\377\000I\000n\000t\000r\000o\000d\000u\000c\000t\000i\000o\000n}{chapter.10}% 159
\BOOKMARK [1][-]{section.10.2}{\376\377\000T\000h\000e\000\040\000g\000r\000a\000p\000h\000\040\000c\000o\000n\000v\000o\000l\000u\000t\000i\000o\000n\000a\000l\000\040\000n\000e\000t\000w\000o\000r\000k}{chapter.10}% 160
\BOOKMARK [2][-]{subsection.10.2.1}{\376\377\000F\000r\000o\000m\000\040\000a\000\040\000t\000a\000b\000l\000e\000\040\000t\000o\000\040\000a\000\040\000s\000e\000q\000u\000e\000n\000c\000e\000\040\000o\000f\000\040\000g\000r\000a\000p\000h\000s}{section.10.2}% 161
\BOOKMARK [2][-]{subsection.10.2.2}{\376\377\000M\000e\000s\000s\000a\000g\000e\000\040\000p\000a\000s\000s\000i\000n\000g\000\040\000a\000n\000d\000\040\000t\000h\000e\000\040\000p\000r\000o\000p\000a\000g\000a\000t\000i\000o\000n\000\040\000r\000u\000l\000e}{section.10.2}% 162
\BOOKMARK [2][-]{subsection.10.2.3}{\376\377\000T\000h\000e\000\040\000g\000r\000a\000p\000h\000-\000f\000r\000e\000e\000\040\000l\000i\000m\000i\000t\000\040\000a\000n\000d\000\040\000t\000h\000e\000\040\000a\000b\000l\000a\000t\000i\000o\000n}{section.10.2}% 163
\BOOKMARK [1][-]{section.10.3}{\376\377\000D\000e\000a\000l\000i\000n\000g\000\040\000w\000i\000t\000h\000\040\000G\000N\000N\000-\000s\000p\000e\000c\000i\000f\000i\000c\000\040\000i\000s\000s\000u\000e\000s}{chapter.10}% 164
\BOOKMARK [2][-]{subsection.10.3.1}{\376\377\000B\000u\000i\000l\000d\000i\000n\000g\000\040\000t\000h\000e\000\040\000e\000q\000u\000i\000t\000y\000\040\000g\000r\000a\000p\000h}{section.10.3}% 165
\BOOKMARK [2][-]{subsection.10.3.2}{\376\377\000O\000v\000e\000r\000-\000s\000m\000o\000o\000t\000h\000i\000n\000g\000\040\000a\000n\000d\000\040\000d\000e\000p\000t\000h}{section.10.3}% 166
\BOOKMARK [2][-]{subsection.10.3.3}{\376\377\000O\000v\000e\000r\000-\000s\000q\000u\000a\000s\000h\000i\000n\000g\000\040\000a\000n\000d\000\040\000h\000e\000t\000e\000r\000o\000p\000h\000i\000l\000y}{section.10.3}% 167
\BOOKMARK [2][-]{subsection.10.3.4}{\376\377\000T\000h\000e\000\040\000t\000a\000b\000u\000l\000a\000r\000-\000d\000a\000t\000a\000\040\000h\000a\000n\000d\000i\000c\000a\000p}{section.10.3}% 168
\BOOKMARK [1][-]{section.10.4}{\376\377\000A\000\040\000G\000N\000N\000\040\000o\000n\000\040\000t\000h\000e\000\040\000e\000q\000u\000i\000t\000y\000\040\000p\000a\000n\000e\000l}{chapter.10}% 169
\BOOKMARK [2][-]{subsection.10.4.1}{\376\377\000A\000\040\000g\000r\000a\000p\000h\000\040\000l\000a\000y\000e\000r\000\040\000f\000r\000o\000m\000\040\000s\000c\000r\000a\000t\000c\000h\000,\000\040\000t\000h\000e\000n\000\040\000i\000n\000\040\000P\000y\000T\000o\000r\000c\000h\000\040\000G\000e\000o\000m\000e\000t\000r\000i\000c}{section.10.4}% 170
\BOOKMARK [2][-]{subsection.10.4.2}{\376\377\000B\000e\000n\000c\000h\000m\000a\000r\000k\000i\000n\000g\000\040\000a\000g\000a\000i\000n\000s\000t\000\040\000t\000h\000e\000\040\000g\000r\000a\000p\000h\000-\000f\000r\000e\000e\000\040\000c\000o\000n\000t\000r\000o\000l\000\040\000a\000n\000d\000\040\000L\000i\000g\000h\000t\000G\000B\000M}{section.10.4}% 171
\BOOKMARK [2][-]{subsection.10.4.3}{\376\377\000T\000h\000e\000\040\000a\000b\000l\000a\000t\000i\000o\000n\000,\000\040\000a\000n\000d\000\040\000w\000h\000a\000t\000\040\000s\000u\000r\000v\000i\000v\000e\000s\000\040\000t\000h\000e\000\040\000n\000o\000i\000s\000e}{section.10.4}% 172
\BOOKMARK [1][-]{section.10.5}{\376\377\000O\000t\000h\000e\000r\000\040\000f\000a\000m\000i\000l\000i\000e\000s\000\040\000o\000f\000\040\000g\000r\000a\000p\000h\000\040\000m\000o\000d\000e\000l\000s}{chapter.10}% 173
\BOOKMARK [2][-]{subsection.10.5.1}{\376\377\000S\000a\000m\000p\000l\000i\000n\000g\000\040\000a\000n\000d\000\040\000a\000t\000t\000e\000n\000t\000i\000o\000n\000:\000\040\000G\000r\000a\000p\000h\000S\000A\000G\000E\000,\000\040\000G\000A\000T\000\040\000a\000n\000d\000\040\000G\000A\000T\000v\0002}{section.10.5}% 174
\BOOKMARK [2][-]{subsection.10.5.2}{\376\377\000S\000u\000m\000\040\000a\000g\000g\000r\000e\000g\000a\000t\000i\000o\000n\000\040\000a\000n\000d\000\040\000t\000y\000p\000e\000d\000\040\000e\000d\000g\000e\000s\000:\000\040\000G\000I\000N\000\040\000a\000n\000d\000\040\000R\000-\000G\000C\000N}{section.10.5}% 175
\BOOKMARK [2][-]{subsection.10.5.3}{\376\377\000T\000e\000m\000p\000o\000r\000a\000l\000\040\000a\000n\000d\000\040\000s\000p\000a\000t\000i\000o\000-\000t\000e\000m\000p\000o\000r\000a\000l\000\040\000g\000r\000a\000p\000h\000s}{section.10.5}% 176
\BOOKMARK [1][-]{section.10.6}{\376\377\000I\000n\000t\000e\000r\000p\000r\000e\000t\000a\000b\000i\000l\000i\000t\000y}{chapter.10}% 177
\BOOKMARK [1][-]{section.10.7}{\376\377\000C\000o\000d\000i\000n\000g\000\040\000e\000x\000e\000r\000c\000i\000s\000e\000s}{chapter.10}% 178
\BOOKMARK [1][-]{section.10.8}{\376\377\000R\000e\000f\000e\000r\000e\000n\000c\000e\000s}{chapter.10}% 179
\BOOKMARK [0][-]{chapter.11}{\376\377\000S\000u\000p\000p\000o\000r\000t\000\040\000v\000e\000c\000t\000o\000r\000\040\000m\000a\000c\000h\000i\000n\000e\000s}{part.2}% 180
\BOOKMARK [1][-]{section.11.1}{\376\377\000S\000V\000M\000\040\000f\000o\000r\000\040\000c\000l\000a\000s\000s\000i\000f\000i\000c\000a\000t\000i\000o\000n}{chapter.11}% 181
\BOOKMARK [1][-]{section.11.2}{\376\377\000S\000V\000M\000\040\000f\000o\000r\000\040\000r\000e\000g\000r\000e\000s\000s\000i\000o\000n}{chapter.11}% 182
\BOOKMARK [1][-]{section.11.3}{\376\377\000P\000r\000a\000c\000t\000i\000c\000e}{chapter.11}% 183
\BOOKMARK [1][-]{section.11.4}{\376\377\000C\000o\000d\000i\000n\000g\000\040\000e\000x\000e\000r\000c\000i\000s\000e\000s}{chapter.11}% 184
\BOOKMARK [0][-]{chapter.12}{\376\377\000B\000a\000y\000e\000s\000i\000a\000n\000\040\000m\000e\000t\000h\000o\000d\000s}{part.2}% 185
\BOOKMARK [1][-]{section.12.1}{\376\377\000T\000h\000e\000\040\000B\000a\000y\000e\000s\000i\000a\000n\000\040\000f\000r\000a\000m\000e\000w\000o\000r\000k}{chapter.12}% 186
\BOOKMARK [1][-]{section.12.2}{\376\377\000B\000a\000y\000e\000s\000i\000a\000n\000\040\000s\000a\000m\000p\000l\000i\000n\000g}{chapter.12}% 187
\BOOKMARK [2][-]{subsection.12.2.1}{\376\377\000G\000i\000b\000b\000s\000\040\000s\000a\000m\000p\000l\000i\000n\000g}{section.12.2}% 188
\BOOKMARK [2][-]{subsection.12.2.2}{\376\377\000M\000e\000t\000r\000o\000p\000o\000l\000i\000s\000-\000H\000a\000s\000t\000i\000n\000g\000s\000\040\000s\000a\000m\000p\000l\000i\000n\000g}{section.12.2}% 189
\BOOKMARK [1][-]{section.12.3}{\376\377\000B\000a\000y\000e\000s\000i\000a\000n\000\040\000l\000i\000n\000e\000a\000r\000\040\000r\000e\000g\000r\000e\000s\000s\000i\000o\000n}{chapter.12}% 190
\BOOKMARK [1][-]{section.12.4}{\376\377\000N\000a\000i\000v\000e\000\040\000B\000a\000y\000e\000s\000\040\000c\000l\000a\000s\000s\000i\000f\000i\000e\000r}{chapter.12}% 191
\BOOKMARK [1][-]{section.12.5}{\376\377\000B\000a\000y\000e\000s\000i\000a\000n\000\040\000a\000d\000d\000i\000t\000i\000v\000e\000\040\000t\000r\000e\000e\000s}{chapter.12}% 192
\BOOKMARK [2][-]{subsection.12.5.1}{\376\377\000G\000e\000n\000e\000r\000a\000l\000\040\000f\000o\000r\000m\000u\000l\000a\000t\000i\000o\000n}{section.12.5}% 193
\BOOKMARK [2][-]{subsection.12.5.2}{\376\377\000P\000r\000i\000o\000r\000s}{section.12.5}% 194
\BOOKMARK [2][-]{subsection.12.5.3}{\376\377\000S\000a\000m\000p\000l\000i\000n\000g\000\040\000a\000n\000d\000\040\000p\000r\000e\000d\000i\000c\000t\000i\000o\000n\000s}{section.12.5}% 195
\BOOKMARK [2][-]{subsection.12.5.4}{\376\377\000C\000o\000d\000e}{section.12.5}% 196
\BOOKMARK [0][-]{chapter.13}{\376\377\000G\000e\000n\000e\000t\000i\000c\000\040\000a\000l\000g\000o\000r\000i\000t\000h\000m\000s\000\040\000f\000o\000r\000\040\000p\000o\000r\000t\000f\000o\000l\000i\000o\000\040\000o\000p\000t\000i\000m\000i\000s\000a\000t\000i\000o\000n\000\040\000a\000n\000d\000\040\000f\000a\000c\000t\000o\000r\000\040\000i\000n\000v\000e\000s\000t\000i\000n\000g}{part.2}% 197
\BOOKMARK [1][-]{section.13.1}{\376\377\000I\000n\000t\000r\000o\000d\000u\000c\000t\000i\000o\000n}{chapter.13}% 198
\BOOKMARK [2][-]{subsection.13.1.1}{\376\377\000M\000o\000t\000i\000v\000a\000t\000i\000o\000n}{section.13.1}% 199
\BOOKMARK [2][-]{subsection.13.1.2}{\376\377\000H\000i\000s\000t\000o\000r\000i\000c\000a\000l\000\040\000e\000v\000o\000l\000u\000t\000i\000o\000n}{section.13.1}% 200
\BOOKMARK [1][-]{section.13.2}{\376\377\000G\000e\000n\000e\000t\000i\000c\000\040\000a\000l\000g\000o\000r\000i\000t\000h\000m\000\040\000f\000u\000n\000d\000a\000m\000e\000n\000t\000a\000l\000s}{chapter.13}% 201
\BOOKMARK [2][-]{subsection.13.2.1}{\376\377\000W\000h\000a\000t\000\040\000i\000s\000\040\000a\000\040\000g\000e\000n\000e\000t\000i\000c\000\040\000a\000l\000g\000o\000r\000i\000t\000h\000m\000?}{section.13.2}% 202
\BOOKMARK [2][-]{subsection.13.2.2}{\376\377\000H\000o\000w\000\040\000G\000A\000s\000\040\000d\000i\000f\000f\000e\000r\000\040\000f\000r\000o\000m\000\040\000o\000t\000h\000e\000r\000\040\000o\000p\000t\000i\000m\000i\000s\000e\000r\000s}{section.13.2}% 203
\BOOKMARK [2][-]{subsection.13.2.3}{\376\377\000T\000h\000e\000\040\000G\000A\000\040\000w\000o\000r\000k\000f\000l\000o\000w}{section.13.2}% 204
\BOOKMARK [2][-]{subsection.13.2.4}{\376\377\000G\000e\000n\000e\000t\000i\000c\000\040\000a\000l\000g\000o\000r\000i\000t\000h\000m\000s\000\040\000v\000e\000r\000s\000u\000s\000\040\000g\000e\000n\000e\000t\000i\000c\000\040\000p\000r\000o\000g\000r\000a\000m\000m\000i\000n\000g}{section.13.2}% 205
\BOOKMARK [2][-]{subsection.13.2.5}{\376\377\000T\000o\000y\000\040\000e\000x\000a\000m\000p\000l\000e\000:\000\040\000a\000\040\000m\000i\000n\000i\000a\000t\000u\000r\000e\000\040\000f\000e\000a\000t\000u\000r\000e\000-\000s\000e\000l\000e\000c\000t\000i\000o\000n\000\040\000G\000A}{section.13.2}% 206
\BOOKMARK [1][-]{section.13.3}{\376\377\000G\000A\000\040\000b\000u\000i\000l\000d\000i\000n\000g\000\040\000b\000l\000o\000c\000k\000s}{chapter.13}% 207
\BOOKMARK [2][-]{subsection.13.3.1}{\376\377\000C\000h\000r\000o\000m\000o\000s\000o\000m\000e\000\040\000r\000e\000p\000r\000e\000s\000e\000n\000t\000a\000t\000i\000o\000n}{section.13.3}% 208
\BOOKMARK [2][-]{subsection.13.3.2}{\376\377\000F\000i\000t\000n\000e\000s\000s\000\040\000f\000u\000n\000c\000t\000i\000o\000n\000\040\000d\000e\000s\000i\000g\000n}{section.13.3}% 209
\BOOKMARK [2][-]{subsection.13.3.3}{\376\377\000S\000e\000l\000e\000c\000t\000i\000o\000n\000\040\000o\000p\000e\000r\000a\000t\000o\000r\000s}{section.13.3}% 210
\BOOKMARK [2][-]{subsection.13.3.4}{\376\377\000C\000r\000o\000s\000s\000o\000v\000e\000r\000\040\000o\000p\000e\000r\000a\000t\000o\000r\000s}{section.13.3}% 211
\BOOKMARK [2][-]{subsection.13.3.5}{\376\377\000M\000u\000t\000a\000t\000i\000o\000n\000\040\000o\000p\000e\000r\000a\000t\000o\000r\000s}{section.13.3}% 212
\BOOKMARK [2][-]{subsection.13.3.6}{\376\377\000K\000e\000y\000\040\000p\000a\000r\000a\000m\000e\000t\000e\000r\000s}{section.13.3}% 213
\BOOKMARK [2][-]{subsection.13.3.7}{\376\377\000D\000e\000m\000o\000n\000s\000t\000r\000a\000t\000i\000o\000n\000:\000\040\000s\000e\000l\000e\000c\000t\000i\000o\000n\000\040\000o\000p\000e\000r\000a\000t\000o\000r\000s\000\040\000c\000o\000m\000p\000a\000r\000e\000d}{section.13.3}% 214
\BOOKMARK [2][-]{subsection.13.3.8}{\376\377\000D\000e\000m\000o\000n\000s\000t\000r\000a\000t\000i\000o\000n\000:\000\040\000c\000r\000o\000s\000s\000o\000v\000e\000r\000\040\000o\000p\000e\000r\000a\000t\000o\000r\000s\000\040\000c\000o\000m\000p\000a\000r\000e\000d}{section.13.3}% 215
\BOOKMARK [2][-]{subsection.13.3.9}{\376\377\000D\000e\000m\000o\000n\000s\000t\000r\000a\000t\000i\000o\000n\000:\000\040\000p\000a\000r\000a\000m\000e\000t\000e\000r\000\040\000s\000e\000n\000s\000i\000t\000i\000v\000i\000t\000y}{section.13.3}% 216
\BOOKMARK [1][-]{section.13.4}{\376\377\000A\000p\000p\000l\000i\000c\000a\000t\000i\000o\000n\000s\000\040\000i\000n\000\040\000f\000a\000c\000t\000o\000r\000\040\000i\000n\000v\000e\000s\000t\000i\000n\000g}{chapter.13}% 217
\BOOKMARK [2][-]{subsection.13.4.1}{\376\377\000F\000e\000a\000t\000u\000r\000e\000\040\000s\000e\000l\000e\000c\000t\000i\000o\000n\000\040\000w\000i\000t\000h\000\040\000G\000A}{section.13.4}% 218
\BOOKMARK [2][-]{subsection.13.4.2}{\376\377\000P\000o\000r\000t\000f\000o\000l\000i\000o\000\040\000o\000p\000t\000i\000m\000i\000s\000a\000t\000i\000o\000n\000\040\000w\000i\000t\000h\000\040\000c\000a\000r\000d\000i\000n\000a\000l\000i\000t\000y\000\040\000c\000o\000n\000s\000t\000r\000a\000i\000n\000t\000s}{section.13.4}% 219
\BOOKMARK [2][-]{subsection.13.4.3}{\376\377\000H\000y\000p\000e\000r\000p\000a\000r\000a\000m\000e\000t\000e\000r\000\040\000t\000u\000n\000i\000n\000g\000\040\000w\000i\000t\000h\000\040\000G\000A}{section.13.4}% 220
\BOOKMARK [2][-]{subsection.13.4.4}{\376\377\000A\000l\000p\000h\000a\000\040\000f\000a\000c\000t\000o\000r\000\040\000d\000i\000s\000c\000o\000v\000e\000r\000y\000\040\000w\000i\000t\000h\000\040\000g\000e\000n\000e\000t\000i\000c\000\040\000p\000r\000o\000g\000r\000a\000m\000m\000i\000n\000g}{section.13.4}% 221
\BOOKMARK [2][-]{subsection.13.4.5}{\376\377\000F\000r\000o\000n\000t\000i\000e\000r\000s\000\040\000a\000n\000d\000\040\000e\000x\000t\000e\000n\000s\000i\000o\000n\000s}{section.13.4}% 222
\BOOKMARK [1][-]{section.13.5}{\376\377\000M\000u\000l\000t\000i\000-\000o\000b\000j\000e\000c\000t\000i\000v\000e\000\040\000o\000p\000t\000i\000m\000i\000s\000a\000t\000i\000o\000n}{chapter.13}% 223
\BOOKMARK [2][-]{subsection.13.5.1}{\376\377\000P\000a\000r\000e\000t\000o\000\040\000o\000p\000t\000i\000m\000a\000l\000i\000t\000y}{section.13.5}% 224
\BOOKMARK [2][-]{subsection.13.5.2}{\376\377\000T\000h\000e\000\040\000N\000S\000G\000A\000-\000I\000I\000\040\000a\000l\000g\000o\000r\000i\000t\000h\000m}{section.13.5}% 225
\BOOKMARK [2][-]{subsection.13.5.3}{\376\377\000N\000S\000G\000A\000-\000I\000I\000I}{section.13.5}% 226
\BOOKMARK [2][-]{subsection.13.5.4}{\376\377\000A\000p\000p\000l\000i\000c\000a\000t\000i\000o\000n\000:\000\040\000r\000e\000t\000u\000r\000n\000\040\000v\000e\000r\000s\000u\000s\000\040\000r\000i\000s\000k\000\040\000p\000o\000r\000t\000f\000o\000l\000i\000o}{section.13.5}% 227
\BOOKMARK [1][-]{section.13.6}{\376\377\000F\000u\000l\000l\000\040\000e\000m\000p\000i\000r\000i\000c\000a\000l\000\040\000a\000p\000p\000l\000i\000c\000a\000t\000i\000o\000n}{chapter.13}% 228
\BOOKMARK [2][-]{subsection.13.6.1}{\376\377\000S\000e\000t\000u\000p\000\040\000a\000n\000d\000\040\000d\000a\000t\000a}{section.13.6}% 229
\BOOKMARK [2][-]{subsection.13.6.2}{\376\377\000W\000a\000l\000k\000-\000f\000o\000r\000w\000a\000r\000d\000\040\000p\000r\000o\000t\000o\000c\000o\000l}{section.13.6}% 230
\BOOKMARK [2][-]{subsection.13.6.3}{\376\377\000R\000e\000s\000u\000l\000t\000s\000\040\000a\000n\000d\000\040\000d\000i\000s\000c\000u\000s\000s\000i\000o\000n}{section.13.6}% 231
\BOOKMARK [2][-]{subsection.13.6.4}{\376\377\000M\000u\000l\000t\000i\000-\000o\000b\000j\000e\000c\000t\000i\000v\000e\000\040\000f\000e\000a\000t\000u\000r\000e\000\040\000s\000e\000l\000e\000c\000t\000i\000o\000n}{section.13.6}% 232
\BOOKMARK [2][-]{subsection.13.6.5}{\376\377\000G\000A\000-\000t\000u\000n\000e\000d\000\040\000g\000r\000a\000d\000i\000e\000n\000t\000\040\000b\000o\000o\000s\000t\000i\000n\000g}{section.13.6}% 233
\BOOKMARK [2][-]{subsection.13.6.6}{\376\377\000R\000e\000p\000r\000o\000d\000u\000c\000i\000n\000g\000\040\000t\000h\000r\000e\000e\000\040\000r\000e\000c\000e\000n\000t\000\040\000r\000e\000s\000u\000l\000t\000s}{section.13.6}% 234
\BOOKMARK [1][-]{section.13.7}{\376\377\000C\000r\000i\000t\000i\000c\000a\000l\000\040\000d\000i\000s\000c\000u\000s\000s\000i\000o\000n}{chapter.13}% 235
\BOOKMARK [2][-]{subsection.13.7.1}{\376\377\000T\000h\000e\000\040\000o\000v\000e\000r\000f\000i\000t\000t\000i\000n\000g\000\040\000p\000r\000o\000b\000l\000e\000m}{section.13.7}% 236
\BOOKMARK [2][-]{subsection.13.7.2}{\376\377\000C\000o\000m\000p\000u\000t\000a\000t\000i\000o\000n\000a\000l\000\040\000c\000o\000s\000t}{section.13.7}% 237
\BOOKMARK [2][-]{subsection.13.7.3}{\376\377\000R\000e\000s\000e\000a\000r\000c\000h\000\040\000g\000a\000p\000s\000\040\000a\000n\000d\000\040\000f\000u\000t\000u\000r\000e\000\040\000d\000i\000r\000e\000c\000t\000i\000o\000n\000s}{section.13.7}% 238
\BOOKMARK [1][-]{section.13.8}{\376\377\000C\000o\000d\000i\000n\000g\000\040\000e\000x\000e\000r\000c\000i\000s\000e\000s}{chapter.13}% 239
\BOOKMARK [1][-]{section.13.9}{\376\377\000R\000e\000f\000e\000r\000e\000n\000c\000e\000s}{chapter.13}% 240
\BOOKMARK [-1][-]{part.3}{\376\377\000I\000I\000I\000\040\000F\000r\000o\000m\000\040\000p\000r\000e\000d\000i\000c\000t\000i\000o\000n\000s\000\040\000t\000o\000\040\000p\000o\000r\000t\000f\000o\000l\000i\000o\000s}{}% 241
\BOOKMARK [0][-]{chapter.14}{\376\377\000V\000a\000l\000i\000d\000a\000t\000i\000n\000g\000\040\000a\000n\000d\000\040\000t\000u\000n\000i\000n\000g}{part.3}% 242
\BOOKMARK [1][-]{section.14.1}{\376\377\000L\000e\000a\000r\000n\000i\000n\000g\000\040\000m\000e\000t\000r\000i\000c\000s}{chapter.14}% 243
\BOOKMARK [2][-]{subsection.14.1.1}{\376\377\000R\000e\000g\000r\000e\000s\000s\000i\000o\000n\000\040\000a\000n\000a\000l\000y\000s\000i\000s}{section.14.1}% 244
\BOOKMARK [2][-]{subsection.14.1.2}{\376\377\000C\000l\000a\000s\000s\000i\000f\000i\000c\000a\000t\000i\000o\000n\000\040\000a\000n\000a\000l\000y\000s\000i\000s}{section.14.1}% 245
\BOOKMARK [1][-]{section.14.2}{\376\377\000V\000a\000l\000i\000d\000a\000t\000i\000o\000n}{chapter.14}% 246
\BOOKMARK [2][-]{subsection.14.2.1}{\376\377\000T\000h\000e\000\040\000v\000a\000r\000i\000a\000n\000c\000e\000-\000b\000i\000a\000s\000\040\000t\000r\000a\000d\000e\000o\000f\000f\000:\000\040\000t\000h\000e\000o\000r\000y}{section.14.2}% 247
\BOOKMARK [2][-]{subsection.14.2.2}{\376\377\000T\000h\000e\000\040\000v\000a\000r\000i\000a\000n\000c\000e\000-\000b\000i\000a\000s\000\040\000t\000r\000a\000d\000e\000o\000f\000f\000:\000\040\000i\000l\000l\000u\000s\000t\000r\000a\000t\000i\000o\000n}{section.14.2}% 248
\BOOKMARK [2][-]{subsection.14.2.3}{\376\377\000T\000h\000e\000\040\000r\000i\000s\000k\000\040\000o\000f\000\040\000o\000v\000e\000r\000f\000i\000t\000t\000i\000n\000g\000:\000\040\000p\000r\000i\000n\000c\000i\000p\000l\000e}{section.14.2}% 249
\BOOKMARK [2][-]{subsection.14.2.4}{\376\377\000T\000h\000e\000\040\000r\000i\000s\000k\000\040\000o\000f\000\040\000o\000v\000e\000r\000f\000i\000t\000t\000i\000n\000g\000:\000\040\000s\000o\000m\000e\000\040\000s\000o\000l\000u\000t\000i\000o\000n\000s}{section.14.2}% 250
\BOOKMARK [1][-]{section.14.3}{\376\377\000T\000h\000e\000\040\000s\000e\000a\000r\000c\000h\000\040\000f\000o\000r\000\040\000g\000o\000o\000d\000\040\000h\000y\000p\000e\000r\000p\000a\000r\000a\000m\000e\000t\000e\000r\000s}{chapter.14}% 251
\BOOKMARK [2][-]{subsection.14.3.1}{\376\377\000M\000e\000t\000h\000o\000d\000s}{section.14.3}% 252
\BOOKMARK [2][-]{subsection.14.3.2}{\376\377\000E\000x\000a\000m\000p\000l\000e\000:\000\040\000g\000r\000i\000d\000\040\000s\000e\000a\000r\000c\000h}{section.14.3}% 253
\BOOKMARK [2][-]{subsection.14.3.3}{\376\377\000E\000x\000a\000m\000p\000l\000e\000:\000\040\000B\000a\000y\000e\000s\000i\000a\000n\000\040\000o\000p\000t\000i\000m\000i\000z\000a\000t\000i\000o\000n}{section.14.3}% 254
\BOOKMARK [1][-]{section.14.4}{\376\377\000S\000h\000o\000r\000t\000\040\000d\000i\000s\000c\000u\000s\000s\000i\000o\000n\000\040\000o\000n\000\040\000v\000a\000l\000i\000d\000a\000t\000i\000o\000n\000\040\000i\000n\000\040\000b\000a\000c\000k\000t\000e\000s\000t\000s}{chapter.14}% 255
\BOOKMARK [0][-]{chapter.15}{\376\377\000E\000n\000s\000e\000m\000b\000l\000e\000\040\000m\000o\000d\000e\000l\000s}{part.3}% 256
\BOOKMARK [1][-]{section.15.1}{\376\377\000L\000i\000n\000e\000a\000r\000\040\000e\000n\000s\000e\000m\000b\000l\000e\000s}{chapter.15}% 257
\BOOKMARK [2][-]{subsection.15.1.1}{\376\377\000P\000r\000i\000n\000c\000i\000p\000l\000e\000s}{section.15.1}% 258
\BOOKMARK [2][-]{subsection.15.1.2}{\376\377\000E\000x\000a\000m\000p\000l\000e}{section.15.1}% 259
\BOOKMARK [1][-]{section.15.2}{\376\377\000S\000t\000a\000c\000k\000e\000d\000\040\000e\000n\000s\000e\000m\000b\000l\000e\000s}{chapter.15}% 260
\BOOKMARK [2][-]{subsection.15.2.1}{\376\377\000T\000w\000o\000-\000s\000t\000a\000g\000e\000\040\000t\000r\000a\000i\000n\000i\000n\000g}{section.15.2}% 261
\BOOKMARK [2][-]{subsection.15.2.2}{\376\377\000C\000o\000d\000e\000\040\000a\000n\000d\000\040\000r\000e\000s\000u\000l\000t\000s}{section.15.2}% 262
\BOOKMARK [1][-]{section.15.3}{\376\377\000E\000x\000t\000e\000n\000s\000i\000o\000n\000s}{chapter.15}% 263
\BOOKMARK [2][-]{subsection.15.3.1}{\376\377\000E\000x\000o\000g\000e\000n\000o\000u\000s\000\040\000v\000a\000r\000i\000a\000b\000l\000e\000s}{section.15.3}% 264
\BOOKMARK [2][-]{subsection.15.3.2}{\376\377\000S\000h\000r\000i\000n\000k\000i\000n\000g\000\040\000i\000n\000t\000e\000r\000-\000m\000o\000d\000e\000l\000\040\000c\000o\000r\000r\000e\000l\000a\000t\000i\000o\000n\000s}{section.15.3}% 265
\BOOKMARK [1][-]{section.15.4}{\376\377\000E\000x\000e\000r\000c\000i\000s\000e}{chapter.15}% 266
\BOOKMARK [0][-]{chapter.16}{\376\377\000P\000o\000r\000t\000f\000o\000l\000i\000o\000\040\000b\000a\000c\000k\000t\000e\000s\000t\000i\000n\000g}{part.3}% 267
\BOOKMARK [1][-]{section.16.1}{\376\377\000S\000e\000t\000t\000i\000n\000g\000\040\000t\000h\000e\000\040\000p\000r\000o\000t\000o\000c\000o\000l}{chapter.16}% 268
\BOOKMARK [1][-]{section.16.2}{\376\377\000T\000u\000r\000n\000i\000n\000g\000\040\000s\000i\000g\000n\000a\000l\000s\000\040\000i\000n\000t\000o\000\040\000p\000o\000r\000t\000f\000o\000l\000i\000o\000\040\000w\000e\000i\000g\000h\000t\000s}{chapter.16}% 269
\BOOKMARK [1][-]{section.16.3}{\376\377\000P\000e\000r\000f\000o\000r\000m\000a\000n\000c\000e\000\040\000m\000e\000t\000r\000i\000c\000s}{chapter.16}% 270
\BOOKMARK [2][-]{subsection.16.3.1}{\376\377\000D\000i\000s\000c\000u\000s\000s\000i\000o\000n}{section.16.3}% 271
\BOOKMARK [2][-]{subsection.16.3.2}{\376\377\000P\000u\000r\000e\000\040\000p\000e\000r\000f\000o\000r\000m\000a\000n\000c\000e\000\040\000a\000n\000d\000\040\000r\000i\000s\000k\000\040\000i\000n\000d\000i\000c\000a\000t\000o\000r\000s}{section.16.3}% 272
\BOOKMARK [2][-]{subsection.16.3.3}{\376\377\000F\000a\000c\000t\000o\000r\000-\000b\000a\000s\000e\000d\000\040\000e\000v\000a\000l\000u\000a\000t\000i\000o\000n}{section.16.3}% 273
\BOOKMARK [2][-]{subsection.16.3.4}{\376\377\000R\000i\000s\000k\000-\000a\000d\000j\000u\000s\000t\000e\000d\000\040\000m\000e\000a\000s\000u\000r\000e\000s}{section.16.3}% 274
\BOOKMARK [2][-]{subsection.16.3.5}{\376\377\000T\000r\000a\000n\000s\000a\000c\000t\000i\000o\000n\000\040\000c\000o\000s\000t\000s\000\040\000a\000n\000d\000\040\000t\000u\000r\000n\000o\000v\000e\000r}{section.16.3}% 275
\BOOKMARK [1][-]{section.16.4}{\376\377\000C\000o\000m\000m\000o\000n\000\040\000e\000r\000r\000o\000r\000s\000\040\000a\000n\000d\000\040\000i\000s\000s\000u\000e\000s}{chapter.16}% 276
\BOOKMARK [2][-]{subsection.16.4.1}{\376\377\000F\000o\000r\000w\000a\000r\000d\000\040\000l\000o\000o\000k\000i\000n\000g\000\040\000d\000a\000t\000a}{section.16.4}% 277
\BOOKMARK [2][-]{subsection.16.4.2}{\376\377\000B\000a\000c\000k\000t\000e\000s\000t\000\040\000o\000v\000e\000r\000f\000i\000t\000t\000i\000n\000g}{section.16.4}% 278
\BOOKMARK [2][-]{subsection.16.4.3}{\376\377\000S\000i\000m\000p\000l\000e\000\040\000s\000a\000f\000e\000g\000u\000a\000r\000d\000s}{section.16.4}% 279
\BOOKMARK [1][-]{section.16.5}{\376\377\000I\000m\000p\000l\000i\000c\000a\000t\000i\000o\000n\000\040\000o\000f\000\040\000n\000o\000n\000-\000s\000t\000a\000t\000i\000o\000n\000a\000r\000i\000t\000y\000:\000\040\000f\000o\000r\000e\000c\000a\000s\000t\000i\000n\000g\000\040\000i\000s\000\040\000h\000a\000r\000d}{chapter.16}% 280
\BOOKMARK [2][-]{subsection.16.5.1}{\376\377\000G\000e\000n\000e\000r\000a\000l\000\040\000c\000o\000m\000m\000e\000n\000t\000s}{section.16.5}% 281
\BOOKMARK [2][-]{subsection.16.5.2}{\376\377\000T\000h\000e\000\040\000n\000o\000\040\000f\000r\000e\000e\000\040\000l\000u\000n\000c\000h\000\040\000t\000h\000e\000o\000r\000e\000m}{section.16.5}% 282
\BOOKMARK [1][-]{section.16.6}{\376\377\000F\000i\000r\000s\000t\000\040\000e\000x\000a\000m\000p\000l\000e\000:\000\040\000a\000\040\000c\000o\000m\000p\000l\000e\000t\000e\000\040\000b\000a\000c\000k\000t\000e\000s\000t}{chapter.16}% 283
\BOOKMARK [1][-]{section.16.7}{\376\377\000S\000e\000c\000o\000n\000d\000\040\000e\000x\000a\000m\000p\000l\000e\000:\000\040\000b\000a\000c\000k\000t\000e\000s\000t\000\040\000o\000v\000e\000r\000f\000i\000t\000t\000i\000n\000g}{chapter.16}% 284
\BOOKMARK [1][-]{section.16.8}{\376\377\000C\000o\000d\000i\000n\000g\000\040\000e\000x\000e\000r\000c\000i\000s\000e\000s}{chapter.16}% 285
\BOOKMARK [0][-]{chapter.17}{\376\377\000U\000n\000c\000e\000r\000t\000a\000i\000n\000t\000y\000\040\000q\000u\000a\000n\000t\000i\000f\000i\000c\000a\000t\000i\000o\000n\000\040\000a\000n\000d\000\040\000c\000o\000n\000f\000o\000r\000m\000a\000l\000\040\000p\000r\000e\000d\000i\000c\000t\000i\000o\000n}{part.3}% 286
\BOOKMARK [1][-]{section.17.1}{\376\377\000S\000o\000u\000r\000c\000e\000s\000\040\000o\000f\000\040\000p\000r\000e\000d\000i\000c\000t\000i\000o\000n\000\040\000u\000n\000c\000e\000r\000t\000a\000i\000n\000t\000y}{chapter.17}% 287
\BOOKMARK [1][-]{section.17.2}{\376\377\000C\000o\000n\000f\000o\000r\000m\000a\000l\000\040\000p\000r\000e\000d\000i\000c\000t\000i\000o\000n}{chapter.17}% 288
\BOOKMARK [2][-]{subsection.17.2.1}{\376\377\000T\000h\000e\000\040\000s\000p\000l\000i\000t\000\040\000c\000o\000n\000f\000o\000r\000m\000a\000l\000\040\000a\000l\000g\000o\000r\000i\000t\000h\000m}{section.17.2}% 289
\BOOKMARK [1][-]{section.17.3}{\376\377\000U\000n\000c\000e\000r\000t\000a\000i\000n\000t\000y\000\040\000a\000d\000j\000u\000s\000t\000e\000d\000\040\000p\000o\000r\000t\000f\000o\000l\000i\000o\000\040\000s\000o\000r\000t\000i\000n\000g}{chapter.17}% 290
\BOOKMARK [1][-]{section.17.4}{\376\377\000M\000a\000c\000h\000i\000n\000e\000\040\000f\000o\000r\000e\000c\000a\000s\000t\000\040\000d\000i\000s\000a\000g\000r\000e\000e\000m\000e\000n\000t}{chapter.17}% 291
\BOOKMARK [1][-]{section.17.5}{\376\377\000A\000m\000b\000i\000g\000u\000i\000t\000y\000\040\000a\000v\000e\000r\000s\000i\000o\000n\000\040\000a\000n\000d\000\040\000p\000o\000r\000t\000f\000o\000l\000i\000o\000\040\000c\000h\000o\000i\000c\000e}{chapter.17}% 292
\BOOKMARK [1][-]{section.17.6}{\376\377\000T\000i\000m\000e\000\040\000v\000a\000r\000y\000i\000n\000g\000\040\000u\000n\000c\000e\000r\000t\000a\000i\000n\000t\000y\000\040\000a\000n\000d\000\040\000s\000i\000g\000n\000a\000l\000\040\000s\000e\000l\000e\000c\000t\000i\000o\000n}{chapter.17}% 293
\BOOKMARK [1][-]{section.17.7}{\376\377\000U\000n\000c\000e\000r\000t\000a\000i\000n\000t\000y\000\040\000i\000n\000\040\000l\000a\000r\000g\000e\000\040\000l\000a\000n\000g\000u\000a\000g\000e\000\040\000m\000o\000d\000e\000l\000\040\000p\000r\000e\000d\000i\000c\000t\000i\000o\000n\000s}{chapter.17}% 294
\BOOKMARK [1][-]{section.17.8}{\376\377\000E\000x\000e\000r\000c\000i\000s\000e\000s}{chapter.17}% 295
\BOOKMARK [0][-]{chapter.18}{\376\377\000D\000e\000s\000i\000g\000n\000\040\000u\000n\000c\000e\000r\000t\000a\000i\000n\000t\000y\000\040\000a\000n\000d\000\040\000n\000o\000n\000s\000t\000a\000n\000d\000a\000r\000d\000\040\000e\000r\000r\000o\000r\000s}{part.3}% 296
\BOOKMARK [1][-]{section.18.1}{\376\377\000T\000h\000e\000\040\000g\000a\000r\000d\000e\000n\000\040\000o\000f\000\040\000f\000o\000r\000k\000i\000n\000g\000\040\000p\000a\000t\000h\000s}{chapter.18}% 297
\BOOKMARK [2][-]{subsection.18.1.1}{\376\377\000A\000\040\000p\000r\000o\000t\000o\000c\000o\000l\000\040\000a\000s\000\040\000a\000\040\000s\000e\000q\000u\000e\000n\000c\000e\000\040\000o\000f\000\040\000c\000h\000o\000i\000c\000e\000s}{section.18.1}% 298
\BOOKMARK [1][-]{section.18.2}{\376\377\000S\000t\000a\000n\000d\000a\000r\000d\000\040\000a\000n\000d\000\040\000n\000o\000n\000s\000t\000a\000n\000d\000a\000r\000d\000\040\000e\000r\000r\000o\000r\000s}{chapter.18}% 299
\BOOKMARK [1][-]{section.18.3}{\376\377\000W\000h\000y\000\040\000c\000o\000r\000r\000e\000l\000a\000t\000i\000o\000n\000\040\000a\000c\000r\000o\000s\000s\000\040\000p\000a\000t\000h\000s\000\040\000m\000a\000t\000t\000e\000r\000s}{chapter.18}% 300
\BOOKMARK [1][-]{section.18.4}{\376\377\000T\000h\000e\000\040\000n\000o\000n\000s\000t\000a\000n\000d\000a\000r\000d\000\040\000S\000h\000a\000r\000p\000e\000\040\000r\000a\000t\000i\000o}{chapter.18}% 301
\BOOKMARK [1][-]{section.18.5}{\376\377\000A\000\040\000w\000o\000r\000k\000e\000d\000\040\000e\000x\000a\000m\000p\000l\000e\000:\000\040\000t\000h\000e\000\040\000v\000a\000l\000u\000e\000\040\000p\000r\000e\000m\000i\000u\000m}{chapter.18}% 302
\BOOKMARK [2][-]{subsection.18.5.1}{\376\377\000R\000e\000s\000a\000m\000p\000l\000i\000n\000g\000\040\000a\000n\000d\000\040\000t\000h\000e\000\040\000c\000o\000r\000r\000e\000l\000a\000t\000i\000o\000n\000\040\000a\000c\000r\000o\000s\000s\000\040\000p\000a\000t\000h\000s}{section.18.5}% 303
\BOOKMARK [2][-]{subsection.18.5.2}{\376\377\000W\000h\000i\000c\000h\000\040\000c\000h\000o\000i\000c\000e\000\040\000m\000a\000t\000t\000e\000r\000s\000\040\000m\000o\000s\000t\000?}{section.18.5}% 304
\BOOKMARK [1][-]{section.18.6}{\376\377\000P\000r\000a\000c\000t\000i\000c\000a\000l\000\040\000g\000u\000i\000d\000a\000n\000c\000e}{chapter.18}% 305
\BOOKMARK [1][-]{section.18.7}{\376\377\000E\000x\000e\000r\000c\000i\000s\000e\000s}{chapter.18}% 306
\BOOKMARK [-1][-]{part.4}{\376\377\000I\000V\000\040\000F\000u\000r\000t\000h\000e\000r\000\040\000i\000m\000p\000o\000r\000t\000a\000n\000t\000\040\000c\000o\000n\000c\000e\000p\000t\000s}{}% 307
\BOOKMARK [0][-]{chapter.19}{\376\377\000C\000o\000m\000p\000l\000e\000x\000i\000t\000y\000\040\000a\000n\000d\000\040\000o\000v\000e\000r\000p\000a\000r\000a\000m\000e\000t\000r\000i\000z\000e\000d\000\040\000m\000o\000d\000e\000l\000s}{part.4}% 308
\BOOKMARK [1][-]{section.19.1}{\376\377\000T\000h\000e\000\040\000c\000l\000a\000s\000s\000i\000c\000a\000l\000\040\000v\000i\000e\000w\000\040\000a\000n\000d\000\040\000i\000t\000s\000\040\000l\000i\000m\000i\000t\000s}{chapter.19}% 309
\BOOKMARK [1][-]{section.19.2}{\376\377\000R\000a\000n\000d\000o\000m\000\040\000F\000o\000u\000r\000i\000e\000r\000\040\000F\000e\000a\000t\000u\000r\000e\000s\000\040\000a\000s\000\040\000a\000\040\000c\000o\000m\000p\000l\000e\000x\000i\000t\000y\000\040\000d\000i\000a\000l}{chapter.19}% 310
\BOOKMARK [1][-]{section.19.3}{\376\377\000T\000h\000e\000\040\000d\000o\000u\000b\000l\000e\000-\000d\000e\000s\000c\000e\000n\000t\000\040\000i\000n\000\040\000e\000q\000u\000i\000t\000y\000\040\000r\000e\000t\000u\000r\000n\000\040\000p\000r\000e\000d\000i\000c\000t\000i\000o\000n}{chapter.19}% 311
\BOOKMARK [2][-]{subsection.19.3.1}{\376\377\000S\000e\000t\000u\000p}{section.19.3}% 312
\BOOKMARK [2][-]{subsection.19.3.2}{\376\377\000T\000h\000e\000\040\000d\000o\000u\000b\000l\000e\000-\000d\000e\000s\000c\000e\000n\000t\000\040\000c\000u\000r\000v\000e}{section.19.3}% 313
\BOOKMARK [2][-]{subsection.19.3.3}{\376\377\000O\000O\000S\000\040\000R\0002\000\040\000a\000s\000\040\000a\000\040\000f\000u\000n\000c\000t\000i\000o\000n\000\040\000o\000f\000\040\000c\000o\000m\000p\000l\000e\000x\000i\000t\000y}{section.19.3}% 314
\BOOKMARK [2][-]{subsection.19.3.4}{\376\377\000S\000e\000n\000s\000i\000t\000i\000v\000i\000t\000y\000\040\000t\000o\000\040\000t\000h\000e\000\040\000t\000r\000a\000i\000n\000i\000n\000g\000\040\000w\000i\000n\000d\000o\000w\000\040\000s\000i\000z\000e}{section.19.3}% 315
\BOOKMARK [1][-]{section.19.4}{\376\377\000T\000h\000e\000\040\000v\000i\000r\000t\000u\000e\000\040\000o\000f\000\040\000c\000o\000m\000p\000l\000e\000x\000i\000t\000y\000:\000\040\000f\000i\000n\000a\000n\000c\000e\000\040\000d\000e\000b\000a\000t\000e}{chapter.19}% 316
\BOOKMARK [2][-]{subsection.19.4.1}{\376\377\000T\000h\000e\000\040\000o\000r\000i\000g\000i\000n\000a\000l\000\040\000c\000l\000a\000i\000m}{section.19.4}% 317
\BOOKMARK [2][-]{subsection.19.4.2}{\376\377\000T\000h\000e\000\040\000c\000r\000i\000t\000i\000q\000u\000e}{section.19.4}% 318
\BOOKMARK [2][-]{subsection.19.4.3}{\376\377\000G\000l\000o\000b\000a\000l\000\040\000v\000e\000r\000s\000u\000s\000\040\000r\000e\000g\000i\000o\000n\000a\000l\000\040\000m\000o\000d\000e\000l\000s}{section.19.4}% 319
\BOOKMARK [2][-]{subsection.19.4.4}{\376\377\000N\000o\000n\000l\000i\000n\000e\000a\000r\000i\000t\000y\000\040\000a\000n\000d\000\040\000d\000i\000s\000t\000r\000i\000b\000u\000t\000i\000o\000n\000a\000l\000\040\000s\000t\000r\000u\000c\000t\000u\000r\000e}{section.19.4}% 320
\BOOKMARK [1][-]{section.19.5}{\376\377\000T\000h\000e\000o\000r\000e\000t\000i\000c\000a\000l\000\040\000p\000e\000r\000s\000p\000e\000c\000t\000i\000v\000e\000s}{chapter.19}% 321
\BOOKMARK [2][-]{subsection.19.5.1}{\376\377\000P\000r\000o\000j\000e\000c\000t\000i\000o\000n\000\040\000l\000e\000a\000r\000n\000i\000n\000g}{section.19.5}% 322
\BOOKMARK [2][-]{subsection.19.5.2}{\376\377\000L\000a\000r\000g\000e\000\040\000a\000n\000d\000\040\000d\000e\000e\000p\000\040\000f\000a\000c\000t\000o\000r\000\040\000m\000o\000d\000e\000l\000s}{section.19.5}% 323
\BOOKMARK [2][-]{subsection.19.5.3}{\376\377\000C\000o\000m\000p\000l\000e\000x\000i\000t\000y\000\040\000i\000n\000\040\000a\000g\000e\000n\000t\000s\000'\000\040\000m\000i\000n\000d\000s}{section.19.5}% 324
\BOOKMARK [1][-]{section.19.6}{\376\377\000C\000o\000n\000c\000l\000u\000s\000i\000o\000n}{chapter.19}% 325
\BOOKMARK [1][-]{section.19.7}{\376\377\000E\000x\000e\000r\000c\000i\000s\000e\000s}{chapter.19}% 326
\BOOKMARK [0][-]{chapter.20}{\376\377\000I\000n\000t\000e\000r\000p\000r\000e\000t\000a\000b\000i\000l\000i\000t\000y}{part.4}% 327
\BOOKMARK [1][-]{section.20.1}{\376\377\000G\000l\000o\000b\000a\000l\000\040\000i\000n\000t\000e\000r\000p\000r\000e\000t\000a\000t\000i\000o\000n\000s}{chapter.20}% 328
\BOOKMARK [2][-]{subsection.20.1.1}{\376\377\000S\000i\000m\000p\000l\000e\000\040\000m\000o\000d\000e\000l\000s\000\040\000a\000s\000\040\000s\000u\000r\000r\000o\000g\000a\000t\000e\000s}{section.20.1}% 329
\BOOKMARK [2][-]{subsection.20.1.2}{\376\377\000V\000a\000r\000i\000a\000b\000l\000e\000\040\000i\000m\000p\000o\000r\000t\000a\000n\000c\000e\000\040\000\050\000t\000r\000e\000e\000-\000b\000a\000s\000e\000d\000\051}{section.20.1}% 330
\BOOKMARK [2][-]{subsection.20.1.3}{\376\377\000V\000a\000r\000i\000a\000b\000l\000e\000\040\000i\000m\000p\000o\000r\000t\000a\000n\000c\000e\000\040\000\050\000a\000g\000n\000o\000s\000t\000i\000c\000\051}{section.20.1}% 331
\BOOKMARK [2][-]{subsection.20.1.4}{\376\377\000P\000a\000r\000t\000i\000a\000l\000\040\000d\000e\000p\000e\000n\000d\000e\000n\000c\000e\000\040\000p\000l\000o\000t}{section.20.1}% 332
\BOOKMARK [1][-]{section.20.2}{\376\377\000L\000o\000c\000a\000l\000\040\000i\000n\000t\000e\000r\000p\000r\000e\000t\000a\000t\000i\000o\000n\000s}{chapter.20}% 333
\BOOKMARK [2][-]{subsection.20.2.1}{\376\377\000L\000I\000M\000E}{section.20.2}% 334
\BOOKMARK [2][-]{subsection.20.2.2}{\376\377\000S\000h\000a\000p\000l\000e\000y\000\040\000v\000a\000l\000u\000e\000s}{section.20.2}% 335
\BOOKMARK [2][-]{subsection.20.2.3}{\376\377\000B\000r\000e\000a\000k\000d\000o\000w\000n}{section.20.2}% 336
\BOOKMARK [0][-]{chapter.21}{\376\377\000T\000w\000o\000\040\000k\000e\000y\000\040\000c\000o\000n\000c\000e\000p\000t\000s\000:\000\040\000c\000a\000u\000s\000a\000l\000i\000t\000y\000\040\000a\000n\000d\000\040\000n\000o\000n\000-\000s\000t\000a\000t\000i\000o\000n\000a\000r\000i\000t\000y}{part.4}% 337
\BOOKMARK [1][-]{section.21.1}{\376\377\000C\000a\000u\000s\000a\000l\000i\000t\000y}{chapter.21}% 338
\BOOKMARK [2][-]{subsection.21.1.1}{\376\377\000G\000r\000a\000n\000g\000e\000r\000\040\000c\000a\000u\000s\000a\000l\000i\000t\000y}{section.21.1}% 339
\BOOKMARK [2][-]{subsection.21.1.2}{\376\377\000C\000a\000u\000s\000a\000l\000\040\000a\000d\000d\000i\000t\000i\000v\000e\000\040\000m\000o\000d\000e\000l\000s}{section.21.1}% 340
\BOOKMARK [2][-]{subsection.21.1.3}{\376\377\000M\000o\000d\000e\000r\000n\000\040\000C\000a\000u\000s\000a\000l\000\040\000I\000n\000f\000e\000r\000e\000n\000c\000e\000:\000\040\000D\000o\000W\000h\000y\000\040\000a\000n\000d\000\040\000D\000o\000u\000b\000l\000e\000\040\000M\000a\000c\000h\000i\000n\000e\000\040\000L\000e\000a\000r\000n\000i\000n\000g}{section.21.1}% 341
\BOOKMARK [2][-]{subsection.21.1.4}{\376\377\000S\000t\000r\000u\000c\000t\000u\000r\000a\000l\000\040\000t\000i\000m\000e\000\040\000s\000e\000r\000i\000e\000s\000\040\000m\000o\000d\000e\000l\000s}{section.21.1}% 342
\BOOKMARK [1][-]{section.21.2}{\376\377\000D\000e\000a\000l\000i\000n\000g\000\040\000w\000i\000t\000h\000\040\000c\000h\000a\000n\000g\000i\000n\000g\000\040\000e\000n\000v\000i\000r\000o\000n\000m\000e\000n\000t\000s}{chapter.21}% 343
\BOOKMARK [2][-]{subsection.21.2.1}{\376\377\000N\000o\000n\000-\000s\000t\000a\000t\000i\000o\000n\000a\000r\000i\000t\000y\000:\000\040\000y\000e\000t\000\040\000a\000n\000o\000t\000h\000e\000r\000\040\000i\000l\000l\000u\000s\000t\000r\000a\000t\000i\000o\000n}{section.21.2}% 344
\BOOKMARK [2][-]{subsection.21.2.2}{\376\377\000D\000e\000t\000e\000c\000t\000i\000n\000g\000\040\000C\000o\000n\000c\000e\000p\000t\000\040\000D\000r\000i\000f\000t}{section.21.2}% 345
\BOOKMARK [2][-]{subsection.21.2.3}{\376\377\000O\000n\000l\000i\000n\000e\000\040\000l\000e\000a\000r\000n\000i\000n\000g}{section.21.2}% 346
\BOOKMARK [2][-]{subsection.21.2.4}{\376\377\000H\000o\000m\000o\000g\000e\000n\000e\000o\000u\000s\000\040\000t\000r\000a\000n\000s\000f\000e\000r\000\040\000l\000e\000a\000r\000n\000i\000n\000g}{section.21.2}% 347
\BOOKMARK [0][-]{chapter.22}{\376\377\000U\000n\000s\000u\000p\000e\000r\000v\000i\000s\000e\000d\000\040\000l\000e\000a\000r\000n\000i\000n\000g}{part.4}% 348
\BOOKMARK [1][-]{section.22.1}{\376\377\000T\000h\000e\000\040\000p\000r\000o\000b\000l\000e\000m\000\040\000w\000i\000t\000h\000\040\000c\000o\000r\000r\000e\000l\000a\000t\000e\000d\000\040\000p\000r\000e\000d\000i\000c\000t\000o\000r\000s}{chapter.22}% 349
\BOOKMARK [1][-]{section.22.2}{\376\377\000P\000r\000i\000n\000c\000i\000p\000a\000l\000\040\000c\000o\000m\000p\000o\000n\000e\000n\000t\000\040\000a\000n\000a\000l\000y\000s\000i\000s\000\040\000a\000n\000d\000\040\000a\000u\000t\000o\000e\000n\000c\000o\000d\000e\000r\000s}{chapter.22}% 350
\BOOKMARK [2][-]{subsection.22.2.1}{\376\377\000A\000\040\000b\000i\000t\000\040\000o\000f\000\040\000a\000l\000g\000e\000b\000r\000a}{section.22.2}% 351
\BOOKMARK [2][-]{subsection.22.2.2}{\376\377\000P\000C\000A}{section.22.2}% 352
\BOOKMARK [2][-]{subsection.22.2.3}{\376\377\000S\000c\000r\000e\000e\000\040\000p\000l\000o\000t\000\040\000a\000n\000d\000\040\000e\000x\000p\000l\000a\000i\000n\000e\000d\000\040\000v\000a\000r\000i\000a\000n\000c\000e}{section.22.2}% 353
\BOOKMARK [2][-]{subsection.22.2.4}{\376\377\000A\000u\000t\000o\000e\000n\000c\000o\000d\000e\000r\000s}{section.22.2}% 354
\BOOKMARK [2][-]{subsection.22.2.5}{\376\377\000A\000p\000p\000l\000i\000c\000a\000t\000i\000o\000n}{section.22.2}% 355
\BOOKMARK [2][-]{subsection.22.2.6}{\376\377\000V\000a\000r\000i\000a\000t\000i\000o\000n\000a\000l\000\040\000A\000u\000t\000o\000e\000n\000c\000o\000d\000e\000r\000s\000\040\000\050\000V\000A\000E\000\051}{section.22.2}% 356
\BOOKMARK [1][-]{section.22.3}{\376\377\000V\000i\000s\000u\000a\000l\000i\000z\000a\000t\000i\000o\000n\000\040\000v\000i\000a\000\040\000t\000-\000S\000N\000E}{chapter.22}% 357
\BOOKMARK [1][-]{section.22.4}{\376\377\000C\000l\000u\000s\000t\000e\000r\000i\000n\000g\000\040\000v\000i\000a\000\040\000k\000-\000m\000e\000a\000n\000s}{chapter.22}% 358
\BOOKMARK [2][-]{subsection.22.4.1}{\376\377\000C\000h\000o\000o\000s\000i\000n\000g\000\040\000t\000h\000e\000\040\000o\000p\000t\000i\000m\000a\000l\000\040\000n\000u\000m\000b\000e\000r\000\040\000o\000f\000\040\000c\000l\000u\000s\000t\000e\000r\000s}{section.22.4}% 359
\BOOKMARK [2][-]{subsection.22.4.2}{\376\377\000H\000i\000e\000r\000a\000r\000c\000h\000i\000c\000a\000l\000\040\000c\000l\000u\000s\000t\000e\000r\000i\000n\000g}{section.22.4}% 360
\BOOKMARK [1][-]{section.22.5}{\376\377\000N\000e\000a\000r\000e\000s\000t\000\040\000n\000e\000i\000g\000h\000b\000o\000r\000s}{chapter.22}% 361
\BOOKMARK [2][-]{subsection.22.5.1}{\376\377\000B\000a\000l\000l\000\040\000T\000r\000e\000e\000\040\000a\000n\000d\000\040\000K\000D\000\040\000T\000r\000e\000e\000\040\000f\000o\000r\000\040\000e\000f\000f\000i\000c\000i\000e\000n\000t\000\040\000k\000-\000N\000N}{section.22.5}% 362
\BOOKMARK [1][-]{section.22.6}{\376\377\000A\000n\000o\000m\000a\000l\000y\000\040\000d\000e\000t\000e\000c\000t\000i\000o\000n\000\040\000w\000i\000t\000h\000\040\000I\000s\000o\000l\000a\000t\000i\000o\000n\000\040\000F\000o\000r\000e\000s\000t}{chapter.22}% 363
\BOOKMARK [1][-]{section.22.7}{\376\377\000C\000o\000d\000i\000n\000g\000\040\000e\000x\000e\000r\000c\000i\000s\000e}{chapter.22}% 364
\BOOKMARK [0][-]{chapter.23}{\376\377\000R\000e\000i\000n\000f\000o\000r\000c\000e\000m\000e\000n\000t\000\040\000l\000e\000a\000r\000n\000i\000n\000g}{part.4}% 365
\BOOKMARK [1][-]{section.23.1}{\376\377\000T\000h\000e\000o\000r\000e\000t\000i\000c\000a\000l\000\040\000l\000a\000y\000o\000u\000t}{chapter.23}% 366
\BOOKMARK [2][-]{subsection.23.1.1}{\376\377\000G\000e\000n\000e\000r\000a\000l\000\040\000f\000r\000a\000m\000e\000w\000o\000r\000k}{section.23.1}% 367
\BOOKMARK [2][-]{subsection.23.1.2}{\376\377\000Q\000-\000l\000e\000a\000r\000n\000i\000n\000g}{section.23.1}% 368
\BOOKMARK [2][-]{subsection.23.1.3}{\376\377\000S\000A\000R\000S\000A}{section.23.1}% 369
\BOOKMARK [1][-]{section.23.2}{\376\377\000T\000h\000e\000\040\000c\000u\000r\000s\000e\000\040\000o\000f\000\040\000d\000i\000m\000e\000n\000s\000i\000o\000n\000a\000l\000i\000t\000y}{chapter.23}% 370
\BOOKMARK [1][-]{section.23.3}{\376\377\000P\000o\000l\000i\000c\000y\000\040\000g\000r\000a\000d\000i\000e\000n\000t}{chapter.23}% 371
\BOOKMARK [2][-]{subsection.23.3.1}{\376\377\000P\000r\000i\000n\000c\000i\000p\000l\000e}{section.23.3}% 372
\BOOKMARK [2][-]{subsection.23.3.2}{\376\377\000E\000x\000t\000e\000n\000s\000i\000o\000n\000s}{section.23.3}% 373
\BOOKMARK [1][-]{section.23.4}{\376\377\000S\000i\000m\000p\000l\000e\000\040\000e\000x\000a\000m\000p\000l\000e\000s}{chapter.23}% 374
\BOOKMARK [2][-]{subsection.23.4.1}{\376\377\000S\000e\000t\000u\000p\000\040\000a\000n\000d\000\040\000I\000m\000p\000o\000r\000t\000s}{section.23.4}% 375
\BOOKMARK [2][-]{subsection.23.4.2}{\376\377\000Q\000-\000l\000e\000a\000r\000n\000i\000n\000g\000\040\000w\000i\000t\000h\000\040\000s\000i\000m\000u\000l\000a\000t\000i\000o\000n\000s}{section.23.4}% 376
\BOOKMARK [2][-]{subsection.23.4.3}{\376\377\000V\000i\000s\000u\000a\000l\000i\000z\000a\000t\000i\000o\000n\000\040\000o\000f\000\040\000t\000h\000e\000\040\000Q\000-\000f\000u\000n\000c\000t\000i\000o\000n}{section.23.4}% 377
\BOOKMARK [2][-]{subsection.23.4.4}{\376\377\000Q\000-\000l\000e\000a\000r\000n\000i\000n\000g\000\040\000w\000i\000t\000h\000\040\000m\000a\000r\000k\000e\000t\000\040\000d\000a\000t\000a}{section.23.4}% 378
\BOOKMARK [2][-]{subsection.23.4.5}{\376\377\000V\000i\000s\000u\000a\000l\000i\000z\000a\000t\000i\000o\000n\000\040\000o\000f\000\040\000Q\000-\000v\000a\000l\000u\000e\000s\000\040\000f\000o\000r\000\040\000M\000a\000r\000k\000e\000t\000\040\000D\000a\000t\000a}{section.23.4}% 379
\BOOKMARK [1][-]{section.23.5}{\376\377\000M\000o\000d\000e\000r\000n\000\040\000R\000L\000\040\000A\000p\000p\000r\000o\000a\000c\000h\000e\000s\000:\000\040\000D\000e\000e\000p\000\040\000Q\000-\000N\000e\000t\000w\000o\000r\000k\000s}{chapter.23}% 380
\BOOKMARK [1][-]{section.23.6}{\376\377\000C\000o\000n\000c\000l\000u\000d\000i\000n\000g\000\040\000r\000e\000m\000a\000r\000k\000s}{chapter.23}% 381
\BOOKMARK [1][-]{section.23.7}{\376\377\000E\000x\000e\000r\000c\000i\000s\000e\000s}{chapter.23}% 382
\BOOKMARK [1][-]{section.23.8}{\376\377\000A\000d\000d\000i\000t\000i\000o\000n\000a\000l\000\040\000T\000o\000p\000i\000c\000s\000:\000\040\000S\000t\000a\000b\000l\000e\000-\000B\000a\000s\000e\000l\000i\000n\000e\000s\0003\000\040\000I\000n\000t\000e\000g\000r\000a\000t\000i\000o\000n}{chapter.23}% 383
\BOOKMARK [-1][-]{part.5}{\376\377\000V\000\040\000N\000a\000t\000u\000r\000a\000l\000\040\000l\000a\000n\000g\000u\000a\000g\000e\000\040\000p\000r\000o\000c\000e\000s\000s\000i\000n\000g\000\040\000f\000o\000r\000\040\000f\000a\000c\000t\000o\000r\000\040\000i\000n\000v\000e\000s\000t\000i\000n\000g}{}% 384
\BOOKMARK [0][-]{chapter.24}{\376\377\000C\000l\000a\000s\000s\000i\000c\000a\000l\000\040\000N\000L\000P\000\040\000f\000o\000r\000\040\000f\000a\000c\000t\000o\000r\000\040\000i\000n\000v\000e\000s\000t\000i\000n\000g}{part.5}% 385
\BOOKMARK [1][-]{section.24.1}{\376\377\000I\000n\000t\000r\000o\000d\000u\000c\000t\000i\000o\000n}{chapter.24}% 386
\BOOKMARK [1][-]{section.24.2}{\376\377\000T\000e\000x\000t\000\040\000a\000s\000\040\000a\000\040\000d\000a\000t\000a\000\040\000c\000l\000a\000s\000s}{chapter.24}% 387
\BOOKMARK [2][-]{subsection.24.2.1}{\376\377\000C\000o\000r\000p\000o\000r\000a\000t\000e\000\040\000f\000i\000l\000i\000n\000g\000s\000\040\000\050\0001\0000\000-\000K\000,\000\040\0001\0000\000-\000Q\000,\000\040\0008\000-\000K\000,\000\040\000F\000o\000r\000m\000s\000\040\0003\000/\0004\000/\0005\000,\000\040\0001\0003\000-\000F\000\051}{section.24.2}% 388
\BOOKMARK [2][-]{subsection.24.2.2}{\376\377\000L\000i\000s\000t\000e\000d\000-\000c\000o\000m\000p\000a\000n\000y\000\040\000c\000o\000m\000m\000u\000n\000i\000c\000a\000t\000i\000o\000n\000s\000\040\000\050\000a\000n\000n\000u\000a\000l\000\040\000r\000e\000p\000o\000r\000t\000s\000,\000\040\000I\000R\000\040\000w\000e\000b\000s\000i\000t\000e\000s\000,\000\040\000c\000o\000n\000f\000e\000r\000e\000n\000c\000e\000\040\000p\000r\000e\000s\000e\000n\000t\000a\000t\000i\000o\000n\000s\000\051}{section.24.2}% 389
\BOOKMARK [2][-]{subsection.24.2.3}{\376\377\000E\000a\000r\000n\000i\000n\000g\000s\000\040\000c\000a\000l\000l\000\040\000t\000r\000a\000n\000s\000c\000r\000i\000p\000t\000s}{section.24.2}% 390
\BOOKMARK [2][-]{subsection.24.2.4}{\376\377\000P\000u\000b\000l\000i\000c\000\040\000n\000e\000w\000s\000\040\000a\000n\000d\000\040\000n\000e\000w\000s\000w\000i\000r\000e\000s}{section.24.2}% 391
\BOOKMARK [2][-]{subsection.24.2.5}{\376\377\000S\000o\000c\000i\000a\000l\000\040\000m\000e\000d\000i\000a\000\040\000\050\000T\000w\000i\000t\000t\000e\000r\000/\000X\000,\000\040\000S\000t\000o\000c\000k\000T\000w\000i\000t\000s\000,\000\040\000R\000e\000d\000d\000i\000t\000,\000\040\000m\000e\000s\000s\000a\000g\000e\000\040\000b\000o\000a\000r\000d\000s\000\051}{section.24.2}% 392
\BOOKMARK [2][-]{subsection.24.2.6}{\376\377\000P\000a\000t\000e\000n\000t\000s\000\040\000a\000n\000d\000\040\000i\000n\000t\000e\000l\000l\000e\000c\000t\000u\000a\000l\000\040\000p\000r\000o\000p\000e\000r\000t\000y\000\040\000f\000i\000l\000i\000n\000g\000s}{section.24.2}% 393
\BOOKMARK [1][-]{section.24.3}{\376\377\000T\000e\000x\000t\000\040\000a\000s\000\040\000d\000a\000t\000a\000:\000\040\000p\000r\000e\000p\000r\000o\000c\000e\000s\000s\000i\000n\000g\000\040\000a\000n\000d\000\040\000r\000e\000p\000r\000e\000s\000e\000n\000t\000a\000t\000i\000o\000n}{chapter.24}% 394
\BOOKMARK [2][-]{subsection.24.3.1}{\376\377\000F\000r\000o\000m\000\040\000r\000a\000w\000\040\000t\000e\000x\000t\000\040\000t\000o\000\040\000c\000l\000e\000a\000n\000\040\000t\000o\000k\000e\000n\000s}{section.24.3}% 395
\BOOKMARK [2][-]{subsection.24.3.2}{\376\377\000B\000a\000g\000-\000o\000f\000-\000w\000o\000r\000d\000s\000\040\000a\000n\000d\000\040\000t\000e\000r\000m\000\040\000f\000r\000e\000q\000u\000e\000n\000c\000y}{section.24.3}% 396
\BOOKMARK [1][-]{section.24.4}{\376\377\000S\000e\000n\000t\000i\000m\000e\000n\000t\000\040\000a\000n\000a\000l\000y\000s\000i\000s\000\040\000w\000i\000t\000h\000\040\000d\000i\000c\000t\000i\000o\000n\000a\000r\000i\000e\000s}{chapter.24}% 397
\BOOKMARK [2][-]{subsection.24.4.1}{\376\377\000T\000h\000e\000\040\000l\000e\000x\000i\000c\000o\000n\000\040\000a\000p\000p\000r\000o\000a\000c\000h}{section.24.4}% 398
\BOOKMARK [2][-]{subsection.24.4.2}{\376\377\000F\000r\000o\000m\000\040\000s\000e\000n\000t\000i\000m\000e\000n\000t\000\040\000s\000c\000o\000r\000e\000s\000\040\000t\000o\000\040\000f\000a\000c\000t\000o\000r\000\040\000s\000i\000g\000n\000a\000l\000s}{section.24.4}% 399
\BOOKMARK [2][-]{subsection.24.4.3}{\376\377\000L\000i\000m\000i\000t\000a\000t\000i\000o\000n\000s\000\040\000o\000f\000\040\000d\000i\000c\000t\000i\000o\000n\000a\000r\000y\000\040\000m\000e\000t\000h\000o\000d\000s}{section.24.4}% 400
\BOOKMARK [1][-]{section.24.5}{\376\377\000T\000o\000p\000i\000c\000\040\000m\000o\000d\000e\000l\000i\000n\000g}{chapter.24}% 401
\BOOKMARK [2][-]{subsection.24.5.1}{\376\377\000L\000a\000t\000e\000n\000t\000\040\000D\000i\000r\000i\000c\000h\000l\000e\000t\000\040\000A\000l\000l\000o\000c\000a\000t\000i\000o\000n}{section.24.5}% 402
\BOOKMARK [2][-]{subsection.24.5.2}{\376\377\000F\000i\000n\000a\000n\000c\000i\000a\000l\000\040\000a\000p\000p\000l\000i\000c\000a\000t\000i\000o\000n\000s}{section.24.5}% 403
\BOOKMARK [2][-]{subsection.24.5.3}{\376\377\000E\000x\000t\000e\000n\000s\000i\000o\000n\000s}{section.24.5}% 404
\BOOKMARK [1][-]{section.24.6}{\376\377\000N\000a\000m\000e\000d\000\040\000e\000n\000t\000i\000t\000y\000\040\000r\000e\000c\000o\000g\000n\000i\000t\000i\000o\000n\000\040\000a\000n\000d\000\040\000e\000v\000e\000n\000t\000\040\000e\000x\000t\000r\000a\000c\000t\000i\000o\000n}{chapter.24}% 405
\BOOKMARK [2][-]{subsection.24.6.1}{\376\377\000P\000r\000i\000n\000c\000i\000p\000l\000e}{section.24.6}% 406
\BOOKMARK [2][-]{subsection.24.6.2}{\376\377\000A\000p\000p\000l\000i\000c\000a\000t\000i\000o\000n\000s\000\040\000i\000n\000\040\000e\000q\000u\000i\000t\000y\000\040\000r\000e\000s\000e\000a\000r\000c\000h}{section.24.6}% 407
\BOOKMARK [1][-]{section.24.7}{\376\377\000D\000i\000s\000c\000l\000o\000s\000u\000r\000e\000-\000b\000a\000s\000e\000d\000\040\000f\000a\000c\000t\000o\000r\000s}{chapter.24}% 408
\BOOKMARK [1][-]{section.24.8}{\376\377\000N\000e\000w\000s\000\040\000a\000n\000d\000\040\000m\000e\000d\000i\000a\000-\000f\000l\000o\000w\000\040\000f\000a\000c\000t\000o\000r\000s}{chapter.24}% 409
\BOOKMARK [1][-]{section.24.9}{\376\377\000C\000o\000d\000i\000n\000g\000\040\000e\000x\000e\000r\000c\000i\000s\000e\000s}{chapter.24}% 410
\BOOKMARK [1][-]{section.24.10}{\376\377\000R\000e\000f\000e\000r\000e\000n\000c\000e\000s}{chapter.24}% 411
\BOOKMARK [0][-]{chapter.25}{\376\377\000W\000o\000r\000d\000\040\000a\000n\000d\000\040\000s\000e\000n\000t\000e\000n\000c\000e\000\040\000e\000m\000b\000e\000d\000d\000i\000n\000g\000s}{part.5}% 412
\BOOKMARK [1][-]{section.25.1}{\376\377\000I\000n\000t\000r\000o\000d\000u\000c\000t\000i\000o\000n}{chapter.25}% 413
\BOOKMARK [1][-]{section.25.2}{\376\377\000F\000r\000o\000m\000\040\000s\000p\000a\000r\000s\000e\000\040\000t\000o\000\040\000d\000e\000n\000s\000e\000\040\000r\000e\000p\000r\000e\000s\000e\000n\000t\000a\000t\000i\000o\000n\000s}{chapter.25}% 414
\BOOKMARK [1][-]{section.25.3}{\376\377\000D\000o\000c\000u\000m\000e\000n\000t\000\040\000e\000m\000b\000e\000d\000d\000i\000n\000g\000s\000\040\000a\000n\000d\000\040\000s\000i\000m\000i\000l\000a\000r\000i\000t\000y}{chapter.25}% 415
\BOOKMARK [1][-]{section.25.4}{\376\377\000S\000e\000n\000t\000e\000n\000c\000e\000-\000t\000r\000a\000n\000s\000f\000o\000r\000m\000e\000r\000\040\000e\000n\000c\000o\000d\000e\000r\000s}{chapter.25}% 416
\BOOKMARK [1][-]{section.25.5}{\376\377\000F\000r\000o\000m\000\040\000e\000m\000b\000e\000d\000d\000i\000n\000g\000s\000\040\000t\000o\000\040\000s\000e\000n\000t\000i\000m\000e\000n\000t\000\040\000s\000i\000g\000n\000a\000l\000s}{chapter.25}% 417
\BOOKMARK [1][-]{section.25.6}{\376\377\000E\000S\000G\000\040\000f\000a\000c\000t\000o\000r\000s\000\040\000f\000r\000o\000m\000\040\000t\000e\000x\000t}{chapter.25}% 418
\BOOKMARK [1][-]{section.25.7}{\376\377\000C\000o\000m\000p\000l\000e\000m\000e\000n\000t\000a\000r\000i\000t\000y\000\040\000w\000i\000t\000h\000\040\000t\000r\000a\000d\000i\000t\000i\000o\000n\000a\000l\000\040\000f\000a\000c\000t\000o\000r\000s}{chapter.25}% 419
\BOOKMARK [2][-]{subsection.25.7.1}{\376\377\000L\000i\000t\000e\000r\000a\000t\000u\000r\000e\000\040\000f\000o\000u\000n\000d\000a\000t\000i\000o\000n\000s\000\040\000a\000n\000d\000\040\000e\000c\000o\000n\000o\000m\000i\000c\000\040\000m\000e\000c\000h\000a\000n\000i\000s\000m\000s}{section.25.7}% 420
\BOOKMARK [2][-]{subsection.25.7.2}{\376\377\000S\000t\000a\000n\000d\000a\000l\000o\000n\000e\000\040\000s\000i\000g\000n\000a\000l\000\040\000c\000o\000n\000t\000e\000n\000t\000\040\000a\000c\000r\000o\000s\000s\000\040\000h\000o\000r\000i\000z\000o\000n\000s}{section.25.7}% 421
\BOOKMARK [2][-]{subsection.25.7.3}{\376\377\000S\000p\000a\000n\000n\000i\000n\000g\000\040\000r\000e\000g\000r\000e\000s\000s\000i\000o\000n\000\040\000a\000g\000a\000i\000n\000s\000t\000\040\000F\000a\000m\000a\000-\000F\000r\000e\000n\000c\000h\000\040\000p\000l\000u\000s\000\040\000m\000o\000m\000e\000n\000t\000u\000m}{section.25.7}% 422
\BOOKMARK [2][-]{subsection.25.7.4}{\376\377\000T\000r\000e\000e\000-\000b\000a\000s\000e\000d\000\040\000f\000e\000a\000t\000u\000r\000e\000\040\000a\000t\000t\000r\000i\000b\000u\000t\000i\000o\000n}{section.25.7}% 423
\BOOKMARK [2][-]{subsection.25.7.5}{\376\377\000S\000e\000n\000t\000i\000m\000e\000n\000t\000\040\000f\000o\000r\000\040\000c\000o\000n\000d\000i\000t\000i\000o\000n\000i\000n\000g\000\040\000f\000a\000c\000t\000o\000r\000s}{section.25.7}% 424
\BOOKMARK [1][-]{section.25.8}{\376\377\000C\000o\000d\000i\000n\000g\000\040\000e\000x\000e\000r\000c\000i\000s\000e\000s}{chapter.25}% 425
\BOOKMARK [1][-]{section.25.9}{\376\377\000R\000e\000f\000e\000r\000e\000n\000c\000e\000s}{chapter.25}% 426
\BOOKMARK [0][-]{chapter.26}{\376\377\000T\000r\000a\000n\000s\000f\000o\000r\000m\000e\000r\000s\000\040\000a\000n\000d\000\040\000p\000r\000e\000-\000t\000r\000a\000i\000n\000e\000d\000\040\000l\000a\000n\000g\000u\000a\000g\000e\000\040\000m\000o\000d\000e\000l\000s\000\040\000f\000o\000r\000\040\000f\000i\000n\000a\000n\000c\000e}{part.5}% 427
\BOOKMARK [1][-]{section.26.1}{\376\377\000I\000n\000t\000r\000o\000d\000u\000c\000t\000i\000o\000n}{chapter.26}% 428
\BOOKMARK [1][-]{section.26.2}{\376\377\000W\000h\000y\000\040\000a\000t\000t\000e\000n\000t\000i\000o\000n\000\040\000c\000h\000a\000n\000g\000e\000d\000\040\000e\000v\000e\000r\000y\000t\000h\000i\000n\000g}{chapter.26}% 429
\BOOKMARK [1][-]{section.26.3}{\376\377\000I\000n\000s\000i\000d\000e\000\040\000t\000h\000e\000\040\000t\000r\000a\000n\000s\000f\000o\000r\000m\000e\000r}{chapter.26}% 430
\BOOKMARK [1][-]{section.26.4}{\376\377\000A\000r\000c\000h\000i\000t\000e\000c\000t\000u\000r\000e\000\040\000v\000a\000r\000i\000a\000n\000t\000s}{chapter.26}% 431
\BOOKMARK [1][-]{section.26.5}{\376\377\000T\000r\000a\000n\000s\000f\000e\000r\000\040\000l\000e\000a\000r\000n\000i\000n\000g\000\040\000a\000n\000d\000\040\000f\000i\000n\000e\000-\000t\000u\000n\000i\000n\000g}{chapter.26}% 432
\BOOKMARK [1][-]{section.26.6}{\376\377\000B\000E\000R\000T\000\040\000a\000n\000d\000\040\000m\000a\000s\000k\000e\000d\000\040\000l\000a\000n\000g\000u\000a\000g\000e\000\040\000m\000o\000d\000e\000l\000l\000i\000n\000g}{chapter.26}% 433
\BOOKMARK [1][-]{section.26.7}{\376\377\000F\000i\000n\000a\000n\000c\000e\000-\000s\000p\000e\000c\000i\000f\000i\000c\000\040\000m\000o\000d\000e\000l\000s}{chapter.26}% 434
\BOOKMARK [1][-]{section.26.8}{\376\377\000W\000h\000e\000n\000\040\000t\000o\000\040\000u\000s\000e\000\040\000F\000i\000n\000B\000E\000R\000T\000\040\000\050\000a\000n\000d\000\040\000w\000h\000e\000n\000\040\000n\000o\000t\000\040\000t\000o\000\051}{chapter.26}% 435
\BOOKMARK [1][-]{section.26.9}{\376\377\000C\000o\000d\000i\000n\000g\000\040\000e\000x\000e\000r\000c\000i\000s\000e\000s}{chapter.26}% 436
\BOOKMARK [1][-]{section.26.10}{\376\377\000R\000e\000f\000e\000r\000e\000n\000c\000e\000s}{chapter.26}% 437
\BOOKMARK [0][-]{chapter.27}{\376\377\000L\000a\000r\000g\000e\000\040\000l\000a\000n\000g\000u\000a\000g\000e\000\040\000m\000o\000d\000e\000l\000s\000\040\000f\000o\000r\000\040\000f\000a\000c\000t\000o\000r\000\040\000i\000n\000v\000e\000s\000t\000i\000n\000g}{part.5}% 438
\BOOKMARK [1][-]{section.27.1}{\376\377\000I\000n\000t\000r\000o\000d\000u\000c\000t\000i\000o\000n}{chapter.27}% 439
\BOOKMARK [1][-]{section.27.2}{\376\377\000M\000o\000d\000e\000l\000\040\000f\000a\000m\000i\000l\000i\000e\000s\000\040\000a\000n\000d\000\040\000c\000a\000p\000a\000b\000i\000l\000i\000t\000i\000e\000s}{chapter.27}% 440
\BOOKMARK [1][-]{section.27.3}{\376\377\000T\000h\000e\000\040\000i\000n\000f\000e\000r\000e\000n\000c\000e\000\040\000e\000c\000o\000s\000y\000s\000t\000e\000m\000:\000\040\000s\000e\000r\000v\000i\000n\000g\000,\000\040\000b\000a\000t\000c\000h\000i\000n\000g\000,\000\040\000a\000n\000d\000\040\000c\000o\000s\000t}{chapter.27}% 441
\BOOKMARK [1][-]{section.27.4}{\376\377\000W\000h\000a\000t\000\040\000m\000a\000k\000e\000s\000\040\000a\000n\000\040\000L\000L\000M\000\040\000`\000`\000l\000a\000r\000g\000e\000'\000'}{chapter.27}% 442
\BOOKMARK [1][-]{section.27.5}{\376\377\000K\000e\000y\000\040\000t\000e\000c\000h\000n\000i\000q\000u\000e\000s}{chapter.27}% 443
\BOOKMARK [1][-]{section.27.6}{\376\377\000F\000i\000n\000a\000n\000c\000e\000-\000s\000p\000e\000c\000i\000f\000i\000c\000\040\000L\000L\000M\000s}{chapter.27}% 444
\BOOKMARK [1][-]{section.27.7}{\376\377\000R\000e\000t\000r\000i\000e\000v\000a\000l\000-\000a\000u\000g\000m\000e\000n\000t\000e\000d\000\040\000g\000e\000n\000e\000r\000a\000t\000i\000o\000n}{chapter.27}% 445
\BOOKMARK [1][-]{section.27.8}{\376\377\000S\000e\000n\000t\000i\000m\000e\000n\000t\000\040\000a\000n\000d\000\040\000t\000o\000n\000e\000\040\000e\000x\000t\000r\000a\000c\000t\000i\000o\000n\000\040\000v\000i\000a\000\040\000p\000r\000o\000m\000p\000t\000i\000n\000g}{chapter.27}% 446
\BOOKMARK [1][-]{section.27.9}{\376\377\000S\000u\000m\000m\000a\000r\000i\000z\000a\000t\000i\000o\000n\000\040\000a\000n\000d\000\040\000i\000n\000f\000o\000r\000m\000a\000t\000i\000o\000n\000\040\000e\000x\000t\000r\000a\000c\000t\000i\000o\000n}{chapter.27}% 447
\BOOKMARK [1][-]{section.27.10}{\376\377\000T\000h\000e\000m\000a\000t\000i\000c\000\040\000c\000l\000a\000s\000s\000i\000f\000i\000c\000a\000t\000i\000o\000n\000\040\000a\000n\000d\000\040\000f\000a\000c\000t\000o\000r\000\040\000d\000i\000s\000c\000o\000v\000e\000r\000y}{chapter.27}% 448
\BOOKMARK [1][-]{section.27.11}{\376\377\000L\000L\000M\000\040\000a\000g\000e\000n\000t\000s\000\040\000f\000o\000r\000\040\000f\000i\000n\000a\000n\000c\000i\000a\000l\000\040\000r\000e\000s\000e\000a\000r\000c\000h}{chapter.27}% 449
\BOOKMARK [1][-]{section.27.12}{\376\377\000E\000v\000a\000l\000u\000a\000t\000i\000n\000g\000\040\000L\000L\000M\000\040\000a\000n\000a\000l\000y\000s\000t\000s\000:\000\040\000b\000e\000n\000c\000h\000m\000a\000r\000k\000s\000\040\000a\000n\000d\000\040\000r\000e\000a\000l\000i\000t\000y\000\040\000c\000h\000e\000c\000k\000s}{chapter.27}% 450
\BOOKMARK [1][-]{section.27.13}{\376\377\000C\000u\000r\000r\000e\000n\000t\000\040\000l\000i\000m\000i\000t\000a\000t\000i\000o\000n\000s}{chapter.27}% 451
\BOOKMARK [1][-]{section.27.14}{\376\377\000T\000h\000e\000\040\000r\000o\000a\000d\000\040\000a\000h\000e\000a\000d}{chapter.27}% 452
\BOOKMARK [1][-]{section.27.15}{\376\377\000C\000o\000d\000i\000n\000g\000\040\000e\000x\000e\000r\000c\000i\000s\000e\000s}{chapter.27}% 453
\BOOKMARK [1][-]{section.27.16}{\376\377\000R\000e\000f\000e\000r\000e\000n\000c\000e\000s}{chapter.27}% 454
\BOOKMARK [0][-]{chapter.28}{\376\377\000E\000n\000d\000-\000t\000o\000-\000e\000n\000d\000\040\000c\000a\000s\000e\000\040\000s\000t\000u\000d\000y\000:\000\040\000b\000u\000i\000l\000d\000i\000n\000g\000\040\000a\000\040\000t\000e\000x\000t\000-\000b\000a\000s\000e\000d\000\040\000e\000q\000u\000i\000t\000y\000\040\000f\000a\000c\000t\000o\000r}{part.5}% 455
\BOOKMARK [1][-]{section.28.1}{\376\377\000I\000n\000t\000r\000o\000d\000u\000c\000t\000i\000o\000n}{chapter.28}% 456
\BOOKMARK [1][-]{section.28.2}{\376\377\000M\000o\000d\000e\000l\000\040\000s\000e\000l\000e\000c\000t\000i\000o\000n\000\040\000a\000n\000d\000\040\000v\000a\000l\000i\000d\000a\000t\000i\000o\000n}{chapter.28}% 457
\BOOKMARK [1][-]{section.28.3}{\376\377\000B\000a\000c\000k\000t\000e\000s\000t\000i\000n\000g\000\040\000a\000n\000d\000\040\000t\000i\000m\000e\000s\000t\000a\000m\000p\000\040\000d\000i\000s\000c\000i\000p\000l\000i\000n\000e}{chapter.28}% 458
\BOOKMARK [1][-]{section.28.4}{\376\377\000L\000o\000o\000k\000-\000a\000h\000e\000a\000d\000\040\000b\000i\000a\000s\000\040\000a\000n\000d\000\040\000t\000r\000a\000i\000n\000i\000n\000g\000-\000d\000a\000t\000a\000\040\000l\000e\000a\000k\000a\000g\000e\000\040\000i\000n\000\040\000L\000L\000M\000-\000b\000a\000s\000e\000d\000\040\000s\000i\000g\000n\000a\000l\000s}{chapter.28}% 459
\BOOKMARK [1][-]{section.28.5}{\376\377\000I\000n\000t\000e\000r\000p\000r\000e\000t\000a\000b\000i\000l\000i\000t\000y\000\040\000a\000n\000d\000\040\000c\000o\000m\000p\000l\000i\000a\000n\000c\000e}{chapter.28}% 460
\BOOKMARK [1][-]{section.28.6}{\376\377\000F\000r\000e\000q\000u\000e\000n\000c\000y\000\040\000a\000l\000i\000g\000n\000m\000e\000n\000t\000:\000\040\000f\000r\000o\000m\000\040\000q\000u\000a\000r\000t\000e\000r\000l\000y\000\040\000t\000e\000x\000t\000\040\000t\000o\000\040\000m\000o\000n\000t\000h\000l\000y\000\040\000f\000a\000c\000t\000o\000r\000s}{chapter.28}% 461
\BOOKMARK [1][-]{section.28.7}{\376\377\000C\000o\000m\000p\000u\000t\000a\000t\000i\000o\000n\000a\000l\000\040\000c\000o\000s\000t}{chapter.28}% 462
\BOOKMARK [1][-]{section.28.8}{\376\377\000P\000r\000o\000b\000l\000e\000m\000\040\000s\000t\000a\000t\000e\000m\000e\000n\000t\000\040\000a\000n\000d\000\040\000h\000y\000p\000o\000t\000h\000e\000s\000i\000s}{chapter.28}% 463
\BOOKMARK [1][-]{section.28.9}{\376\377\000D\000a\000t\000a\000\040\000a\000n\000d\000\040\000f\000e\000a\000t\000u\000r\000e\000\040\000c\000o\000n\000s\000t\000r\000u\000c\000t\000i\000o\000n}{chapter.28}% 464
\BOOKMARK [1][-]{section.28.10}{\376\377\000M\000o\000d\000e\000l\000\040\000t\000r\000a\000i\000n\000i\000n\000g\000\040\000a\000n\000d\000\040\000e\000v\000a\000l\000u\000a\000t\000i\000o\000n}{chapter.28}% 465
\BOOKMARK [1][-]{section.28.11}{\376\377\000P\000o\000r\000t\000f\000o\000l\000i\000o\000\040\000b\000a\000c\000k\000t\000e\000s\000t}{chapter.28}% 466
\BOOKMARK [1][-]{section.28.12}{\376\377\000L\000e\000s\000s\000o\000n\000s\000\040\000l\000e\000a\000r\000n\000e\000d}{chapter.28}% 467
\BOOKMARK [1][-]{section.28.13}{\376\377\000C\000o\000d\000i\000n\000g\000\040\000e\000x\000e\000r\000c\000i\000s\000e}{chapter.28}% 468
\BOOKMARK [1][-]{section.28.14}{\376\377\000R\000e\000f\000e\000r\000e\000n\000c\000e\000s}{chapter.28}% 469
\BOOKMARK [-1][-]{part.6}{\376\377\000V\000I\000\040\000B\000i\000b\000l\000i\000o\000g\000r\000a\000p\000h\000y}{}% 470
